
   PASS  Tests\Unit\ExampleTest
  Γ£ô that true is true

   FAIL  Tests\Feature\Auth\AuthenticationTest
  Γ£ô login screen can be reΓÇª 2.07s  
  Γ¿» users can authenticateΓÇª 0.80s  
  Γ£ô users can not authentiΓÇª 0.24s  
  Γ£ô users can logout        0.05s  

   FAIL  Tests\Feature\Auth\EmailVerificationTest
  Γ£ô email verification scrΓÇª 0.03s  
  Γ¿» email can be verified   0.35s  
  Γ£ô email is not verifiedΓÇª  0.03s  

   FAIL  Tests\Feature\Auth\PasswordConfirmationTest
  Γ£ô confirm password screeΓÇª 0.03s  
  Γ¿» password can be confirΓÇª 0.33s  
  Γ£ô password is not confirΓÇª 0.26s  

   PASS  Tests\Feature\Auth\PasswordResetTest
  Γ£ô reset password link scΓÇª 0.03s  
  Γ£ô reset password link caΓÇª 0.23s  
  Γ£ô reset password screenΓÇª  0.25s  
  Γ£ô password can be resetΓÇª  0.27s  

   PASS  Tests\Feature\Auth\PasswordUpdateTest
  Γ£ô password can be updateΓÇª 0.03s  
  Γ£ô correct password mustΓÇª  0.03s  

   FAIL  Tests\Feature\Auth\RegistrationTest
  Γ£ô registration screen caΓÇª 0.02s  
  Γ¿» new users can register  0.40s  

   PASS  Tests\Feature\ExampleTest
  Γ£ô the application returnΓÇª 0.07s  

   FAIL  Tests\Feature\ProfileTest
  Γ¿» profile page is displaΓÇª 0.89s  
  Γ£ô profile information caΓÇª 0.04s  
  Γ£ô email verification staΓÇª 0.05s  
  Γ¿» user can delete theirΓÇª  0.03s  
  Γ£ô correct password mustΓÇª  0.03s  
  ΓöÇΓöÇΓöÇΓöÇΓöÇΓöÇΓöÇΓöÇΓöÇΓöÇΓöÇΓöÇΓöÇΓöÇΓöÇΓöÇΓöÇΓöÇΓöÇΓöÇΓöÇΓöÇΓöÇΓöÇΓöÇΓöÇΓöÇΓöÇΓöÇΓöÇΓöÇ  
   FAILΓÇª  RouteNotFoundException   
  Route [dashboard] not defined.

  at vendor\laravel\framework\src\Illuminate\Routing\UrlGenerator.php:528
    524Γûò             ! is_null($url = call_user_func($this->missingNamedRouteResolver, $name, $parameters, $absolute))) {
    525Γûò             return $url;
    526Γûò         }
    527Γûò 
  Γ₧£ 528Γûò         throw new RouteNotFoundException("Route [{$name}] not defined.");
    529Γûò     }
    530Γûò 
    531Γûò     /**
    532Γûò      * Get the URL for a given route instance.

  1   vendor\laravel\framework\src\Illuminate\Routing\UrlGenerator.php:528
  2   vendor\laravel\framework\src\Illuminate\Foundation\helpers.php:870

  ΓöÇΓöÇΓöÇΓöÇΓöÇΓöÇΓöÇΓöÇΓöÇΓöÇΓöÇΓöÇΓöÇΓöÇΓöÇΓöÇΓöÇΓöÇΓöÇΓöÇΓöÇΓöÇΓöÇΓöÇΓöÇΓöÇΓöÇΓöÇΓöÇΓöÇΓöÇ  
   FAILΓÇª  RouteNotFoundException   
  Route [dashboard] not defined.

  at vendor\laravel\framework\src\Illuminate\Routing\UrlGenerator.php:528
    524Γûò             ! is_null($url = call_user_func($this->missingNamedRouteResolver, $name, $parameters, $absolute))) {
    525Γûò             return $url;
    526Γûò         }
    527Γûò 
  Γ₧£ 528Γûò         throw new RouteNotFoundException("Route [{$name}] not defined.");
    529Γûò     }
    530Γûò 
    531Γûò     /**
    532Γûò      * Get the URL for a given route instance.

  1   vendor\laravel\framework\src\Illuminate\Routing\UrlGenerator.php:528
  2   vendor\laravel\framework\src\Illuminate\Foundation\helpers.php:870

  ΓöÇΓöÇΓöÇΓöÇΓöÇΓöÇΓöÇΓöÇΓöÇΓöÇΓöÇΓöÇΓöÇΓöÇΓöÇΓöÇΓöÇΓöÇΓöÇΓöÇΓöÇΓöÇΓöÇΓöÇΓöÇΓöÇΓöÇΓöÇΓöÇΓöÇΓöÇ  
   FAILED  Tests\Feature\Auth\PΓÇª   
  Expected response status code [201, 301, 302, 303, 307, 308] but received 500.
Failed asserting that false is true.

The following exception occurred during the last request:

Symfony\Component\Routing\Exception\RouteNotFoundException: Route [dashboard] not defined. in D:\xampp\htdocs\reco-laravel\vendor\laravel\framework\src\Illuminate\Routing\UrlGenerator.php:528
Stack trace:
#0 D:\xampp\htdocs\reco-laravel\vendor\laravel\framework\src\Illuminate\Foundation\helpers.php(870): Illuminate\Routing\UrlGenerator->route('dashboard', Array, false)
#1 D:\xampp\htdocs\reco-laravel\app\Http\Controllers\Auth\ConfirmablePasswordController.php(38): route('dashboard', Array, false)
#2 D:\xampp\htdocs\reco-laravel\vendor\laravel\framework\src\Illuminate\Routing\ControllerDispatcher.php(46): App\Http\Controllers\Auth\ConfirmablePasswordController->store(Object(Illuminate\Http\Request))
#3 D:\xampp\htdocs\reco-laravel\vendor\laravel\framework\src\Illuminate\Routing\Route.php(265): Illuminate\Routing\ControllerDispatcher->dispatch(Object(Illuminate\Routing\Route), Object(App\Http\Controllers\Auth\ConfirmablePasswordController), 'store')
#4 D:\xampp\htdocs\reco-laravel\vendor\laravel\framework\src\Illuminate\Routing\Route.php(211): Illuminate\Routing\Route->runController()
#5 D:\xampp\htdocs\reco-laravel\vendor\laravel\framework\src\Illuminate\Routing\Router.php(822): Illuminate\Routing\Route->run()
#6 D:\xampp\htdocs\reco-laravel\vendor\laravel\framework\src\Illuminate\Pipeline\Pipeline.php(180): Illuminate\Routing\Router->Illuminate\Routing\{closure}(Object(Illuminate\Http\Request))
#7 D:\xampp\htdocs\reco-laravel\vendor\laravel\framework\src\Illuminate\Routing\Middleware\SubstituteBindings.php(50): Illuminate\Pipeline\Pipeline->Illuminate\Pipeline\{closure}(Object(Illuminate\Http\Request))
#8 D:\xampp\htdocs\reco-laravel\vendor\laravel\framework\src\Illuminate\Pipeline\Pipeline.php(219): Illuminate\Routing\Middleware\SubstituteBindings->handle(Object(Illuminate\Http\Request), Object(Closure))
#9 D:\xampp\htdocs\reco-laravel\vendor\laravel\framework\src\Illuminate\Auth\Middleware\Authenticate.php(63): Illuminate\Pipeline\Pipeline->Illuminate\Pipeline\{closure}(Object(Illuminate\Http\Request))
#10 D:\xampp\htdocs\reco-laravel\vendor\laravel\framework\src\Illuminate\Pipeline\Pipeline.php(219): Illuminate\Auth\Middleware\Authenticate->handle(Object(Illuminate\Http\Request), Object(Closure))
#11 D:\xampp\htdocs\reco-laravel\vendor\laravel\framework\src\Illuminate\Foundation\Http\Middleware\VerifyCsrfToken.php(87): Illuminate\Pipeline\Pipeline->Illuminate\Pipeline\{closure}(Object(Illuminate\Http\Request))
#12 D:\xampp\htdocs\reco-laravel\vendor\laravel\framework\src\Illuminate\Pipeline\Pipeline.php(219): Illuminate\Foundation\Http\Middleware\VerifyCsrfToken->handle(Object(Illuminate\Http\Request), Object(Closure))
#13 D:\xampp\htdocs\reco-laravel\vendor\laravel\framework\src\Illuminate\View\Middleware\ShareErrorsFromSession.php(48): Illuminate\Pipeline\Pipeline->Illuminate\Pipeline\{closure}(Object(Illuminate\Http\Request))
#14 D:\xampp\htdocs\reco-laravel\vendor\laravel\framework\src\Illuminate\Pipeline\Pipeline.php(219): Illuminate\View\Middleware\ShareErrorsFromSession->handle(Object(Illuminate\Http\Request), Object(Closure))
#15 D:\xampp\htdocs\reco-laravel\vendor\laravel\framework\src\Illuminate\Session\Middleware\StartSession.php(120): Illuminate\Pipeline\Pipeline->Illuminate\Pipeline\{closure}(Object(Illuminate\Http\Request))
#16 D:\xampp\htdocs\reco-laravel\vendor\laravel\framework\src\Illuminate\Session\Middleware\StartSession.php(63): Illuminate\Session\Middleware\StartSession->handleStatefulRequest(Object(Illuminate\Http\Request), Object(Illuminate\Session\Store), Object(Closure))
#17 D:\xampp\htdocs\reco-laravel\vendor\laravel\framework\src\Illuminate\Pipeline\Pipeline.php(219): Illuminate\Session\Middleware\StartSession->handle(Object(Illuminate\Http\Request), Object(Closure))
#18 D:\xampp\htdocs\reco-laravel\vendor\laravel\framework\src\Illuminate\Cookie\Middleware\AddQueuedCookiesToResponse.php(36): Illuminate\Pipeline\Pipeline->Illuminate\Pipeline\{closure}(Object(Illuminate\Http\Request))
#19 D:\xampp\htdocs\reco-laravel\vendor\laravel\framework\src\Illuminate\Pipeline\Pipeline.php(219): Illuminate\Cookie\Middleware\AddQueuedCookiesToResponse->handle(Object(Illuminate\Http\Request), Object(Closure))
#20 D:\xampp\htdocs\reco-laravel\vendor\laravel\framework\src\Illuminate\Cookie\Middleware\EncryptCookies.php(74): Illuminate\Pipeline\Pipeline->Illuminate\Pipeline\{closure}(Object(Illuminate\Http\Request))
#21 D:\xampp\htdocs\reco-laravel\vendor\laravel\framework\src\Illuminate\Pipeline\Pipeline.php(219): Illuminate\Cookie\Middleware\EncryptCookies->handle(Object(Illuminate\Http\Request), Object(Closure))
#22 D:\xampp\htdocs\reco-laravel\vendor\laravel\framework\src\Illuminate\Pipeline\Pipeline.php(137): Illuminate\Pipeline\Pipeline->Illuminate\Pipeline\{closure}(Object(Illuminate\Http\Request))
#23 D:\xampp\htdocs\reco-laravel\vendor\laravel\framework\src\Illuminate\Routing\Router.php(821): Illuminate\Pipeline\Pipeline->then(Object(Closure))
#24 D:\xampp\htdocs\reco-laravel\vendor\laravel\framework\src\Illuminate\Routing\Router.php(800): Illuminate\Routing\Router->runRouteWithinStack(Object(Illuminate\Routing\Route), Object(Illuminate\Http\Request))
#25 D:\xampp\htdocs\reco-laravel\vendor\laravel\framework\src\Illuminate\Routing\Router.php(764): Illuminate\Routing\Router->runRoute(Object(Illuminate\Http\Request), Object(Illuminate\Routing\Route))
#26 D:\xampp\htdocs\reco-laravel\vendor\laravel\framework\src\Illuminate\Routing\Router.php(753): Illuminate\Routing\Router->dispatchToRoute(Object(Illuminate\Http\Request))
#27 D:\xampp\htdocs\reco-laravel\vendor\laravel\framework\src\Illuminate\Foundation\Http\Kernel.php(200): Illuminate\Routing\Router->dispatch(Object(Illuminate\Http\Request))
#28 D:\xampp\htdocs\reco-laravel\vendor\laravel\framework\src\Illuminate\Pipeline\Pipeline.php(180): Illuminate\Foundation\Http\Kernel->Illuminate\Foundation\Http\{closure}(Object(Illuminate\Http\Request))
#29 D:\xampp\htdocs\reco-laravel\vendor\laravel\framework\src\Illuminate\Foundation\Http\Middleware\TransformsRequest.php(21): Illuminate\Pipeline\Pipeline->Illuminate\Pipeline\{closure}(Object(Illuminate\Http\Request))
#30 D:\xampp\htdocs\reco-laravel\vendor\laravel\framework\src\Illuminate\Foundation\Http\Middleware\ConvertEmptyStringsToNull.php(31): Illuminate\Foundation\Http\Middleware\TransformsRequest->handle(Object(Illuminate\Http\Request), Object(Closure))
#31 D:\xampp\htdocs\reco-laravel\vendor\laravel\framework\src\Illuminate\Pipeline\Pipeline.php(219): Illuminate\Foundation\Http\Middleware\ConvertEmptyStringsToNull->handle(Object(Illuminate\Http\Request), Object(Closure))
#32 D:\xampp\htdocs\reco-laravel\vendor\laravel\framework\src\Illuminate\Foundation\Http\Middleware\TransformsRequest.php(21): Illuminate\Pipeline\Pipeline->Illuminate\Pipeline\{closure}(Object(Illuminate\Http\Request))
#33 D:\xampp\htdocs\reco-laravel\vendor\laravel\framework\src\Illuminate\Foundation\Http\Middleware\TrimStrings.php(51): Illuminate\Foundation\Http\Middleware\TransformsRequest->handle(Object(Illuminate\Http\Request), Object(Closure))
#34 D:\xampp\htdocs\reco-laravel\vendor\laravel\framework\src\Illuminate\Pipeline\Pipeline.php(219): Illuminate\Foundation\Http\Middleware\TrimStrings->handle(Object(Illuminate\Http\Request), Object(Closure))
#35 D:\xampp\htdocs\reco-laravel\vendor\laravel\framework\src\Illuminate\Http\Middleware\ValidatePostSize.php(27): Illuminate\Pipeline\Pipeline->Illuminate\Pipeline\{closure}(Object(Illuminate\Http\Request))
#36 D:\xampp\htdocs\reco-laravel\vendor\laravel\framework\src\Illuminate\Pipeline\Pipeline.php(219): Illuminate\Http\Middleware\ValidatePostSize->handle(Object(Illuminate\Http\Request), Object(Closure))
#37 D:\xampp\htdocs\reco-laravel\vendor\laravel\framework\src\Illuminate\Foundation\Http\Middleware\PreventRequestsDuringMaintenance.php(109): Illuminate\Pipeline\Pipeline->Illuminate\Pipeline\{closure}(Object(Illuminate\Http\Request))
#38 D:\xampp\htdocs\reco-laravel\vendor\laravel\framework\src\Illuminate\Pipeline\Pipeline.php(219): Illuminate\Foundation\Http\Middleware\PreventRequestsDuringMaintenance->handle(Object(Illuminate\Http\Request), Object(Closure))
#39 D:\xampp\htdocs\reco-laravel\vendor\laravel\framework\src\Illuminate\Http\Middleware\HandleCors.php(61): Illuminate\Pipeline\Pipeline->Illuminate\Pipeline\{closure}(Object(Illuminate\Http\Request))
#40 D:\xampp\htdocs\reco-laravel\vendor\laravel\framework\src\Illuminate\Pipeline\Pipeline.php(219): Illuminate\Http\Middleware\HandleCors->handle(Object(Illuminate\Http\Request), Object(Closure))
#41 D:\xampp\htdocs\reco-laravel\vendor\laravel\framework\src\Illuminate\Http\Middleware\TrustProxies.php(58): Illuminate\Pipeline\Pipeline->Illuminate\Pipeline\{closure}(Object(Illuminate\Http\Request))
#42 D:\xampp\htdocs\reco-laravel\vendor\laravel\framework\src\Illuminate\Pipeline\Pipeline.php(219): Illuminate\Http\Middleware\TrustProxies->handle(Object(Illuminate\Http\Request), Object(Closure))
#43 D:\xampp\htdocs\reco-laravel\vendor\laravel\framework\src\Illuminate\Foundation\Http\Middleware\InvokeDeferredCallbacks.php(22): Illuminate\Pipeline\Pipeline->Illuminate\Pipeline\{closure}(Object(Illuminate\Http\Request))
#44 D:\xampp\htdocs\reco-laravel\vendor\laravel\framework\src\Illuminate\Pipeline\Pipeline.php(219): Illuminate\Foundation\Http\Middleware\InvokeDeferredCallbacks->handle(Object(Illuminate\Http\Request), Object(Closure))
#45 D:\xampp\htdocs\reco-laravel\vendor\laravel\framework\src\Illuminate\Http\Middleware\ValidatePathEncoding.php(26): Illuminate\Pipeline\Pipeline->Illuminate\Pipeline\{closure}(Object(Illuminate\Http\Request))
#46 D:\xampp\htdocs\reco-laravel\vendor\laravel\framework\src\Illuminate\Pipeline\Pipeline.php(219): Illuminate\Http\Middleware\ValidatePathEncoding->handle(Object(Illuminate\Http\Request), Object(Closure))
#47 D:\xampp\htdocs\reco-laravel\vendor\laravel\framework\src\Illuminate\Pipeline\Pipeline.php(137): Illuminate\Pipeline\Pipeline->Illuminate\Pipeline\{closure}(Object(Illuminate\Http\Request))
#48 D:\xampp\htdocs\reco-laravel\vendor\laravel\framework\src\Illuminate\Foundation\Http\Kernel.php(175): Illuminate\Pipeline\Pipeline->then(Object(Closure))
#49 D:\xampp\htdocs\reco-laravel\vendor\laravel\framework\src\Illuminate\Foundation\Http\Kernel.php(144): Illuminate\Foundation\Http\Kernel->sendRequestThroughRouter(Object(Illuminate\Http\Request))
#50 D:\xampp\htdocs\reco-laravel\vendor\laravel\framework\src\Illuminate\Foundation\Testing\Concerns\MakesHttpRequests.php(607): Illuminate\Foundation\Http\Kernel->handle(Object(Illuminate\Http\Request))
#51 D:\xampp\htdocs\reco-laravel\vendor\laravel\framework\src\Illuminate\Foundation\Testing\Concerns\MakesHttpRequests.php(397): Illuminate\Foundation\Testing\TestCase->call('POST', '/confirm-passwo...', Array, Array, Array, Array)
#52 D:\xampp\htdocs\reco-laravel\tests\Feature\Auth\PasswordConfirmationTest.php(26): Illuminate\Foundation\Testing\TestCase->post('/confirm-passwo...', Array)
#53 D:\xampp\htdocs\reco-laravel\vendor\phpunit\phpunit\src\Framework\TestCase.php(1667): Tests\Feature\Auth\PasswordConfirmationTest->test_password_can_be_confirmed()
#54 D:\xampp\htdocs\reco-laravel\vendor\phpunit\phpunit\src\Framework\TestCase.php(519): PHPUnit\Framework\TestCase->runTest()
#55 D:\xampp\htdocs\reco-laravel\vendor\phpunit\phpunit\src\Framework\TestRunner\TestRunner.php(87): PHPUnit\Framework\TestCase->runBare()
#56 D:\xampp\htdocs\reco-laravel\vendor\phpunit\phpunit\src\Framework\TestCase.php(365): PHPUnit\Framework\TestRunner->run(Object(Tests\Feature\Auth\PasswordConfirmationTest))
#57 D:\xampp\htdocs\reco-laravel\vendor\phpunit\phpunit\src\Framework\TestSuite.php(369): PHPUnit\Framework\TestCase->run()
#58 D:\xampp\htdocs\reco-laravel\vendor\phpunit\phpunit\src\Framework\TestSuite.php(369): PHPUnit\Framework\TestSuite->run()
#59 D:\xampp\htdocs\reco-laravel\vendor\phpunit\phpunit\src\Framework\TestSuite.php(369): PHPUnit\Framework\TestSuite->run()
#60 D:\xampp\htdocs\reco-laravel\vendor\phpunit\phpunit\src\TextUI\TestRunner.php(64): PHPUnit\Framework\TestSuite->run()
#61 D:\xampp\htdocs\reco-laravel\vendor\phpunit\phpunit\src\TextUI\Application.php(211): PHPUnit\TextUI\TestRunner->run(Object(PHPUnit\TextUI\Configuration\Configuration), Object(PHPUnit\Runner\ResultCache\DefaultResultCache), Object(PHPUnit\Framework\TestSuite))
#62 D:\xampp\htdocs\reco-laravel\vendor\phpunit\phpunit\phpunit(104): PHPUnit\TextUI\Application->run(Array)
#63 {main}

----------------------------------------------------------------------------------

Route [dashboard] not defined.

  at tests\Feature\Auth\PasswordConfirmationTest.php:30
     26Γûò         $response = $this->actingAs($user)->post('/confirm-password', [
     27Γûò             'password' => 'password',
     28Γûò         ]);
     29Γûò 
  Γ₧£  30Γûò         $response->assertRedirect();
     31Γûò         $response->assertSessionHasNoErrors();
     32Γûò     }
     33Γûò 
     34Γûò     public function test_password_is_not_confirmed_with_invalid_password(): void

  ΓöÇΓöÇΓöÇΓöÇΓöÇΓöÇΓöÇΓöÇΓöÇΓöÇΓöÇΓöÇΓöÇΓöÇΓöÇΓöÇΓöÇΓöÇΓöÇΓöÇΓöÇΓöÇΓöÇΓöÇΓöÇΓöÇΓöÇΓöÇΓöÇΓöÇΓöÇ  
   FAILΓÇª  RouteNotFoundException   
  Route [dashboard] not defined.

  at vendor\laravel\framework\src\Illuminate\Routing\UrlGenerator.php:528
    524Γûò             ! is_null($url = call_user_func($this->missingNamedRouteResolver, $name, $parameters, $absolute))) {
    525Γûò             return $url;
    526Γûò         }
    527Γûò 
  Γ₧£ 528Γûò         throw new RouteNotFoundException("Route [{$name}] not defined.");
    529Γûò     }
    530Γûò 
    531Γûò     /**
    532Γûò      * Get the URL for a given route instance.

  1   vendor\laravel\framework\src\Illuminate\Routing\UrlGenerator.php:528
  2   vendor\laravel\framework\src\Illuminate\Foundation\helpers.php:870

  ΓöÇΓöÇΓöÇΓöÇΓöÇΓöÇΓöÇΓöÇΓöÇΓöÇΓöÇΓöÇΓöÇΓöÇΓöÇΓöÇΓöÇΓöÇΓöÇΓöÇΓöÇΓöÇΓöÇΓöÇΓöÇΓöÇΓöÇΓöÇΓöÇΓöÇΓöÇ  
   FAILED  Tests\Feature\ProfilΓÇª   
  Expected response status code [200] but received 500.
Failed asserting that 500 is identical to 200.

The following exception occurred during the last request:

Error: Call to a member function level() on null in D:\xampp\htdocs\reco-laravel\app\Models\User.php:125
Stack trace:
#0 D:\xampp\htdocs\reco-laravel\storage\framework\views\e61adaa95bc2cb7e201e35a7cf972d2e.php(340): App\Models\User->isStaff()
#1 D:\xampp\htdocs\reco-laravel\vendor\laravel\framework\src\Illuminate\Filesystem\Filesystem.php(123): require('D:\\xampp\\htdocs...')
#2 D:\xampp\htdocs\reco-laravel\vendor\laravel\framework\src\Illuminate\Filesystem\Filesystem.php(124): Illuminate\Filesystem\Filesystem::Illuminate\Filesystem\{closure}()
#3 D:\xampp\htdocs\reco-laravel\vendor\laravel\framework\src\Illuminate\View\Engines\PhpEngine.php(57): Illuminate\Filesystem\Filesystem->getRequire('D:\\xampp\\htdocs...', Array)
#4 D:\xampp\htdocs\reco-laravel\vendor\laravel\framework\src\Illuminate\View\Engines\CompilerEngine.php(76): Illuminate\View\Engines\PhpEngine->evaluatePath('D:\\xampp\\htdocs...', Array)
#5 D:\xampp\htdocs\reco-laravel\vendor\laravel\framework\src\Illuminate\View\View.php(208): Illuminate\View\Engines\CompilerEngine->get('D:\\xampp\\htdocs...', Array)
#6 D:\xampp\htdocs\reco-laravel\vendor\laravel\framework\src\Illuminate\View\View.php(191): Illuminate\View\View->getContents()
#7 D:\xampp\htdocs\reco-laravel\vendor\laravel\framework\src\Illuminate\View\View.php(160): Illuminate\View\View->renderContents()
#8 D:\xampp\htdocs\reco-laravel\storage\framework\views\358bde2fae5a87d21618126c69e75b67.php(27): Illuminate\View\View->render()
#9 D:\xampp\htdocs\reco-laravel\vendor\laravel\framework\src\Illuminate\Filesystem\Filesystem.php(123): require('D:\\xampp\\htdocs...')
#10 D:\xampp\htdocs\reco-laravel\vendor\laravel\framework\src\Illuminate\Filesystem\Filesystem.php(124): Illuminate\Filesystem\Filesystem::Illuminate\Filesystem\{closure}()
#11 D:\xampp\htdocs\reco-laravel\vendor\laravel\framework\src\Illuminate\View\Engines\PhpEngine.php(57): Illuminate\Filesystem\Filesystem->getRequire('D:\\xampp\\htdocs...', Array)
#12 D:\xampp\htdocs\reco-laravel\vendor\laravel\framework\src\Illuminate\View\Engines\CompilerEngine.php(76): Illuminate\View\Engines\PhpEngine->evaluatePath('D:\\xampp\\htdocs...', Array)
#13 D:\xampp\htdocs\reco-laravel\vendor\laravel\framework\src\Illuminate\View\View.php(208): Illuminate\View\Engines\CompilerEngine->get('D:\\xampp\\htdocs...', Array)
#14 D:\xampp\htdocs\reco-laravel\vendor\laravel\framework\src\Illuminate\View\View.php(191): Illuminate\View\View->getContents()
#15 D:\xampp\htdocs\reco-laravel\vendor\laravel\framework\src\Illuminate\View\View.php(160): Illuminate\View\View->renderContents()
#16 D:\xampp\htdocs\reco-laravel\vendor\laravel\framework\src\Illuminate\View\Concerns\ManagesComponents.php(99): Illuminate\View\View->render()
#17 D:\xampp\htdocs\reco-laravel\storage\framework\views\8b5f3243d4f5c3a4f583f8a37b2f54c3.php(39): Illuminate\View\Factory->renderComponent()
#18 D:\xampp\htdocs\reco-laravel\vendor\laravel\framework\src\Illuminate\Filesystem\Filesystem.php(123): require('D:\\xampp\\htdocs...')
#19 D:\xampp\htdocs\reco-laravel\vendor\laravel\framework\src\Illuminate\Filesystem\Filesystem.php(124): Illuminate\Filesystem\Filesystem::Illuminate\Filesystem\{closure}()
#20 D:\xampp\htdocs\reco-laravel\vendor\laravel\framework\src\Illuminate\View\Engines\PhpEngine.php(57): Illuminate\Filesystem\Filesystem->getRequire('D:\\xampp\\htdocs...', Array)
#21 D:\xampp\htdocs\reco-laravel\vendor\laravel\framework\src\Illuminate\View\Engines\CompilerEngine.php(76): Illuminate\View\Engines\PhpEngine->evaluatePath('D:\\xampp\\htdocs...', Array)
#22 D:\xampp\htdocs\reco-laravel\vendor\laravel\framework\src\Illuminate\View\View.php(208): Illuminate\View\Engines\CompilerEngine->get('D:\\xampp\\htdocs...', Array)
#23 D:\xampp\htdocs\reco-laravel\vendor\laravel\framework\src\Illuminate\View\View.php(191): Illuminate\View\View->getContents()
#24 D:\xampp\htdocs\reco-laravel\vendor\laravel\framework\src\Illuminate\View\View.php(160): Illuminate\View\View->renderContents()
#25 D:\xampp\htdocs\reco-laravel\vendor\laravel\framework\src\Illuminate\Http\Response.php(78): Illuminate\View\View->render()
#26 D:\xampp\htdocs\reco-laravel\vendor\laravel\framework\src\Illuminate\Http\Response.php(34): Illuminate\Http\Response->setContent(Object(Illuminate\View\View))
#27 D:\xampp\htdocs\reco-laravel\vendor\laravel\framework\src\Illuminate\Routing\Router.php(939): Illuminate\Http\Response->__construct(Object(Illuminate\View\View), 200, Array)
#28 D:\xampp\htdocs\reco-laravel\vendor\laravel\framework\src\Illuminate\Routing\Router.php(906): Illuminate\Routing\Router::toResponse(Object(Illuminate\Http\Request), Object(Illuminate\View\View))
#29 D:\xampp\htdocs\reco-laravel\vendor\laravel\framework\src\Illuminate\Routing\Router.php(821): Illuminate\Routing\Router->prepareResponse(Object(Illuminate\Http\Request), Object(Illuminate\View\View))
#30 D:\xampp\htdocs\reco-laravel\vendor\laravel\framework\src\Illuminate\Pipeline\Pipeline.php(180): Illuminate\Routing\Router->Illuminate\Routing\{closure}(Object(Illuminate\Http\Request))
#31 D:\xampp\htdocs\reco-laravel\vendor\laravel\framework\src\Illuminate\Auth\Middleware\EnsureEmailIsVerified.php(41): Illuminate\Pipeline\Pipeline->Illuminate\Pipeline\{closure}(Object(Illuminate\Http\Request))
#32 D:\xampp\htdocs\reco-laravel\vendor\laravel\framework\src\Illuminate\Pipeline\Pipeline.php(219): Illuminate\Auth\Middleware\EnsureEmailIsVerified->handle(Object(Illuminate\Http\Request), Object(Closure))
#33 D:\xampp\htdocs\reco-laravel\vendor\laravel\framework\src\Illuminate\Routing\Middleware\SubstituteBindings.php(50): Illuminate\Pipeline\Pipeline->Illuminate\Pipeline\{closure}(Object(Illuminate\Http\Request))
#34 D:\xampp\htdocs\reco-laravel\vendor\laravel\framework\src\Illuminate\Pipeline\Pipeline.php(219): Illuminate\Routing\Middleware\SubstituteBindings->handle(Object(Illuminate\Http\Request), Object(Closure))
#35 D:\xampp\htdocs\reco-laravel\vendor\laravel\framework\src\Illuminate\Auth\Middleware\Authenticate.php(63): Illuminate\Pipeline\Pipeline->Illuminate\Pipeline\{closure}(Object(Illuminate\Http\Request))
#36 D:\xampp\htdocs\reco-laravel\vendor\laravel\framework\src\Illuminate\Pipeline\Pipeline.php(219): Illuminate\Auth\Middleware\Authenticate->handle(Object(Illuminate\Http\Request), Object(Closure))
#37 D:\xampp\htdocs\reco-laravel\vendor\laravel\framework\src\Illuminate\Foundation\Http\Middleware\VerifyCsrfToken.php(87): Illuminate\Pipeline\Pipeline->Illuminate\Pipeline\{closure}(Object(Illuminate\Http\Request))
#38 D:\xampp\htdocs\reco-laravel\vendor\laravel\framework\src\Illuminate\Pipeline\Pipeline.php(219): Illuminate\Foundation\Http\Middleware\VerifyCsrfToken->handle(Object(Illuminate\Http\Request), Object(Closure))
#39 D:\xampp\htdocs\reco-laravel\vendor\laravel\framework\src\Illuminate\View\Middleware\ShareErrorsFromSession.php(48): Illuminate\Pipeline\Pipeline->Illuminate\Pipeline\{closure}(Object(Illuminate\Http\Request))
#40 D:\xampp\htdocs\reco-laravel\vendor\laravel\framework\src\Illuminate\Pipeline\Pipeline.php(219): Illuminate\View\Middleware\ShareErrorsFromSession->handle(Object(Illuminate\Http\Request), Object(Closure))
#41 D:\xampp\htdocs\reco-laravel\vendor\laravel\framework\src\Illuminate\Session\Middleware\StartSession.php(120): Illuminate\Pipeline\Pipeline->Illuminate\Pipeline\{closure}(Object(Illuminate\Http\Request))
#42 D:\xampp\htdocs\reco-laravel\vendor\laravel\framework\src\Illuminate\Session\Middleware\StartSession.php(63): Illuminate\Session\Middleware\StartSession->handleStatefulRequest(Object(Illuminate\Http\Request), Object(Illuminate\Session\Store), Object(Closure))
#43 D:\xampp\htdocs\reco-laravel\vendor\laravel\framework\src\Illuminate\Pipeline\Pipeline.php(219): Illuminate\Session\Middleware\StartSession->handle(Object(Illuminate\Http\Request), Object(Closure))
#44 D:\xampp\htdocs\reco-laravel\vendor\laravel\framework\src\Illuminate\Cookie\Middleware\AddQueuedCookiesToResponse.php(36): Illuminate\Pipeline\Pipeline->Illuminate\Pipeline\{closure}(Object(Illuminate\Http\Request))
#45 D:\xampp\htdocs\reco-laravel\vendor\laravel\framework\src\Illuminate\Pipeline\Pipeline.php(219): Illuminate\Cookie\Middleware\AddQueuedCookiesToResponse->handle(Object(Illuminate\Http\Request), Object(Closure))
#46 D:\xampp\htdocs\reco-laravel\vendor\laravel\framework\src\Illuminate\Cookie\Middleware\EncryptCookies.php(74): Illuminate\Pipeline\Pipeline->Illuminate\Pipeline\{closure}(Object(Illuminate\Http\Request))
#47 D:\xampp\htdocs\reco-laravel\vendor\laravel\framework\src\Illuminate\Pipeline\Pipeline.php(219): Illuminate\Cookie\Middleware\EncryptCookies->handle(Object(Illuminate\Http\Request), Object(Closure))
#48 D:\xampp\htdocs\reco-laravel\vendor\laravel\framework\src\Illuminate\Pipeline\Pipeline.php(137): Illuminate\Pipeline\Pipeline->Illuminate\Pipeline\{closure}(Object(Illuminate\Http\Request))
#49 D:\xampp\htdocs\reco-laravel\vendor\laravel\framework\src\Illuminate\Routing\Router.php(821): Illuminate\Pipeline\Pipeline->then(Object(Closure))
#50 D:\xampp\htdocs\reco-laravel\vendor\laravel\framework\src\Illuminate\Routing\Router.php(800): Illuminate\Routing\Router->runRouteWithinStack(Object(Illuminate\Routing\Route), Object(Illuminate\Http\Request))
#51 D:\xampp\htdocs\reco-laravel\vendor\laravel\framework\src\Illuminate\Routing\Router.php(764): Illuminate\Routing\Router->runRoute(Object(Illuminate\Http\Request), Object(Illuminate\Routing\Route))
#52 D:\xampp\htdocs\reco-laravel\vendor\laravel\framework\src\Illuminate\Routing\Router.php(753): Illuminate\Routing\Router->dispatchToRoute(Object(Illuminate\Http\Request))
#53 D:\xampp\htdocs\reco-laravel\vendor\laravel\framework\src\Illuminate\Foundation\Http\Kernel.php(200): Illuminate\Routing\Router->dispatch(Object(Illuminate\Http\Request))
#54 D:\xampp\htdocs\reco-laravel\vendor\laravel\framework\src\Illuminate\Pipeline\Pipeline.php(180): Illuminate\Foundation\Http\Kernel->Illuminate\Foundation\Http\{closure}(Object(Illuminate\Http\Request))
#55 D:\xampp\htdocs\reco-laravel\vendor\laravel\framework\src\Illuminate\Foundation\Http\Middleware\TransformsRequest.php(21): Illuminate\Pipeline\Pipeline->Illuminate\Pipeline\{closure}(Object(Illuminate\Http\Request))
#56 D:\xampp\htdocs\reco-laravel\vendor\laravel\framework\src\Illuminate\Foundation\Http\Middleware\ConvertEmptyStringsToNull.php(31): Illuminate\Foundation\Http\Middleware\TransformsRequest->handle(Object(Illuminate\Http\Request), Object(Closure))
#57 D:\xampp\htdocs\reco-laravel\vendor\laravel\framework\src\Illuminate\Pipeline\Pipeline.php(219): Illuminate\Foundation\Http\Middleware\ConvertEmptyStringsToNull->handle(Object(Illuminate\Http\Request), Object(Closure))
#58 D:\xampp\htdocs\reco-laravel\vendor\laravel\framework\src\Illuminate\Foundation\Http\Middleware\TransformsRequest.php(21): Illuminate\Pipeline\Pipeline->Illuminate\Pipeline\{closure}(Object(Illuminate\Http\Request))
#59 D:\xampp\htdocs\reco-laravel\vendor\laravel\framework\src\Illuminate\Foundation\Http\Middleware\TrimStrings.php(51): Illuminate\Foundation\Http\Middleware\TransformsRequest->handle(Object(Illuminate\Http\Request), Object(Closure))
#60 D:\xampp\htdocs\reco-laravel\vendor\laravel\framework\src\Illuminate\Pipeline\Pipeline.php(219): Illuminate\Foundation\Http\Middleware\TrimStrings->handle(Object(Illuminate\Http\Request), Object(Closure))
#61 D:\xampp\htdocs\reco-laravel\vendor\laravel\framework\src\Illuminate\Http\Middleware\ValidatePostSize.php(27): Illuminate\Pipeline\Pipeline->Illuminate\Pipeline\{closure}(Object(Illuminate\Http\Request))
#62 D:\xampp\htdocs\reco-laravel\vendor\laravel\framework\src\Illuminate\Pipeline\Pipeline.php(219): Illuminate\Http\Middleware\ValidatePostSize->handle(Object(Illuminate\Http\Request), Object(Closure))
#63 D:\xampp\htdocs\reco-laravel\vendor\laravel\framework\src\Illuminate\Foundation\Http\Middleware\PreventRequestsDuringMaintenance.php(109): Illuminate\Pipeline\Pipeline->Illuminate\Pipeline\{closure}(Object(Illuminate\Http\Request))
#64 D:\xampp\htdocs\reco-laravel\vendor\laravel\framework\src\Illuminate\Pipeline\Pipeline.php(219): Illuminate\Foundation\Http\Middleware\PreventRequestsDuringMaintenance->handle(Object(Illuminate\Http\Request), Object(Closure))
#65 D:\xampp\htdocs\reco-laravel\vendor\laravel\framework\src\Illuminate\Http\Middleware\HandleCors.php(61): Illuminate\Pipeline\Pipeline->Illuminate\Pipeline\{closure}(Object(Illuminate\Http\Request))
#66 D:\xampp\htdocs\reco-laravel\vendor\laravel\framework\src\Illuminate\Pipeline\Pipeline.php(219): Illuminate\Http\Middleware\HandleCors->handle(Object(Illuminate\Http\Request), Object(Closure))
#67 D:\xampp\htdocs\reco-laravel\vendor\laravel\framework\src\Illuminate\Http\Middleware\TrustProxies.php(58): Illuminate\Pipeline\Pipeline->Illuminate\Pipeline\{closure}(Object(Illuminate\Http\Request))
#68 D:\xampp\htdocs\reco-laravel\vendor\laravel\framework\src\Illuminate\Pipeline\Pipeline.php(219): Illuminate\Http\Middleware\TrustProxies->handle(Object(Illuminate\Http\Request), Object(Closure))
#69 D:\xampp\htdocs\reco-laravel\vendor\laravel\framework\src\Illuminate\Foundation\Http\Middleware\InvokeDeferredCallbacks.php(22): Illuminate\Pipeline\Pipeline->Illuminate\Pipeline\{closure}(Object(Illuminate\Http\Request))
#70 D:\xampp\htdocs\reco-laravel\vendor\laravel\framework\src\Illuminate\Pipeline\Pipeline.php(219): Illuminate\Foundation\Http\Middleware\InvokeDeferredCallbacks->handle(Object(Illuminate\Http\Request), Object(Closure))
#71 D:\xampp\htdocs\reco-laravel\vendor\laravel\framework\src\Illuminate\Http\Middleware\ValidatePathEncoding.php(26): Illuminate\Pipeline\Pipeline->Illuminate\Pipeline\{closure}(Object(Illuminate\Http\Request))
#72 D:\xampp\htdocs\reco-laravel\vendor\laravel\framework\src\Illuminate\Pipeline\Pipeline.php(219): Illuminate\Http\Middleware\ValidatePathEncoding->handle(Object(Illuminate\Http\Request), Object(Closure))
#73 D:\xampp\htdocs\reco-laravel\vendor\laravel\framework\src\Illuminate\Pipeline\Pipeline.php(137): Illuminate\Pipeline\Pipeline->Illuminate\Pipeline\{closure}(Object(Illuminate\Http\Request))
#74 D:\xampp\htdocs\reco-laravel\vendor\laravel\framework\src\Illuminate\Foundation\Http\Kernel.php(175): Illuminate\Pipeline\Pipeline->then(Object(Closure))
#75 D:\xampp\htdocs\reco-laravel\vendor\laravel\framework\src\Illuminate\Foundation\Http\Kernel.php(144): Illuminate\Foundation\Http\Kernel->sendRequestThroughRouter(Object(Illuminate\Http\Request))
#76 D:\xampp\htdocs\reco-laravel\vendor\laravel\framework\src\Illuminate\Foundation\Testing\Concerns\MakesHttpRequests.php(607): Illuminate\Foundation\Http\Kernel->handle(Object(Illuminate\Http\Request))
#77 D:\xampp\htdocs\reco-laravel\vendor\laravel\framework\src\Illuminate\Foundation\Testing\Concerns\MakesHttpRequests.php(368): Illuminate\Foundation\Testing\TestCase->call('GET', '/profile', Array, Array, Array, Array)
#78 D:\xampp\htdocs\reco-laravel\tests\Feature\ProfileTest.php(19): Illuminate\Foundation\Testing\TestCase->get('/profile')
#79 D:\xampp\htdocs\reco-laravel\vendor\phpunit\phpunit\src\Framework\TestCase.php(1667): Tests\Feature\ProfileTest->test_profile_page_is_displayed()
#80 D:\xampp\htdocs\reco-laravel\vendor\phpunit\phpunit\src\Framework\TestCase.php(519): PHPUnit\Framework\TestCase->runTest()
#81 D:\xampp\htdocs\reco-laravel\vendor\phpunit\phpunit\src\Framework\TestRunner\TestRunner.php(87): PHPUnit\Framework\TestCase->runBare()
#82 D:\xampp\htdocs\reco-laravel\vendor\phpunit\phpunit\src\Framework\TestCase.php(365): PHPUnit\Framework\TestRunner->run(Object(Tests\Feature\ProfileTest))
#83 D:\xampp\htdocs\reco-laravel\vendor\phpunit\phpunit\src\Framework\TestSuite.php(369): PHPUnit\Framework\TestCase->run()
#84 D:\xampp\htdocs\reco-laravel\vendor\phpunit\phpunit\src\Framework\TestSuite.php(369): PHPUnit\Framework\TestSuite->run()
#85 D:\xampp\htdocs\reco-laravel\vendor\phpunit\phpunit\src\Framework\TestSuite.php(369): PHPUnit\Framework\TestSuite->run()
#86 D:\xampp\htdocs\reco-laravel\vendor\phpunit\phpunit\src\TextUI\TestRunner.php(64): PHPUnit\Framework\TestSuite->run()
#87 D:\xampp\htdocs\reco-laravel\vendor\phpunit\phpunit\src\TextUI\Application.php(211): PHPUnit\TextUI\TestRunner->run(Object(PHPUnit\TextUI\Configuration\Configuration), Object(PHPUnit\Runner\ResultCache\DefaultResultCache), Object(PHPUnit\Framework\TestSuite))
#88 D:\xampp\htdocs\reco-laravel\vendor\phpunit\phpunit\phpunit(104): PHPUnit\TextUI\Application->run(Array)
#89 {main}

Next Illuminate\View\ViewException: Call to a member function level() on null (View: D:\xampp\htdocs\reco-laravel\resources\views\partials\navbar.blade.php) in D:\xampp\htdocs\reco-laravel\app\Models\User.php:125
Stack trace:
#0 D:\xampp\htdocs\reco-laravel\vendor\laravel\framework\src\Illuminate\View\Engines\PhpEngine.php(59): Illuminate\View\Engines\CompilerEngine->handleViewException(Object(Error), 3)
#1 D:\xampp\htdocs\reco-laravel\vendor\laravel\framework\src\Illuminate\View\Engines\CompilerEngine.php(76): Illuminate\View\Engines\PhpEngine->evaluatePath('D:\\xampp\\htdocs...', Array)
#2 D:\xampp\htdocs\reco-laravel\vendor\laravel\framework\src\Illuminate\View\View.php(208): Illuminate\View\Engines\CompilerEngine->get('D:\\xampp\\htdocs...', Array)
#3 D:\xampp\htdocs\reco-laravel\vendor\laravel\framework\src\Illuminate\View\View.php(191): Illuminate\View\View->getContents()
#4 D:\xampp\htdocs\reco-laravel\vendor\laravel\framework\src\Illuminate\View\View.php(160): Illuminate\View\View->renderContents()
#5 D:\xampp\htdocs\reco-laravel\storage\framework\views\358bde2fae5a87d21618126c69e75b67.php(27): Illuminate\View\View->render()
#6 D:\xampp\htdocs\reco-laravel\vendor\laravel\framework\src\Illuminate\Filesystem\Filesystem.php(123): require('D:\\xampp\\htdocs...')
#7 D:\xampp\htdocs\reco-laravel\vendor\laravel\framework\src\Illuminate\Filesystem\Filesystem.php(124): Illuminate\Filesystem\Filesystem::Illuminate\Filesystem\{closure}()
#8 D:\xampp\htdocs\reco-laravel\vendor\laravel\framework\src\Illuminate\View\Engines\PhpEngine.php(57): Illuminate\Filesystem\Filesystem->getRequire('D:\\xampp\\htdocs...', Array)
#9 D:\xampp\htdocs\reco-laravel\vendor\laravel\framework\src\Illuminate\View\Engines\CompilerEngine.php(76): Illuminate\View\Engines\PhpEngine->evaluatePath('D:\\xampp\\htdocs...', Array)
#10 D:\xampp\htdocs\reco-laravel\vendor\laravel\framework\src\Illuminate\View\View.php(208): Illuminate\View\Engines\CompilerEngine->get('D:\\xampp\\htdocs...', Array)
#11 D:\xampp\htdocs\reco-laravel\vendor\laravel\framework\src\Illuminate\View\View.php(191): Illuminate\View\View->getContents()
#12 D:\xampp\htdocs\reco-laravel\vendor\laravel\framework\src\Illuminate\View\View.php(160): Illuminate\View\View->renderContents()
#13 D:\xampp\htdocs\reco-laravel\vendor\laravel\framework\src\Illuminate\View\Concerns\ManagesComponents.php(99): Illuminate\View\View->render()
#14 D:\xampp\htdocs\reco-laravel\storage\framework\views\8b5f3243d4f5c3a4f583f8a37b2f54c3.php(39): Illuminate\View\Factory->renderComponent()
#15 D:\xampp\htdocs\reco-laravel\vendor\laravel\framework\src\Illuminate\Filesystem\Filesystem.php(123): require('D:\\xampp\\htdocs...')
#16 D:\xampp\htdocs\reco-laravel\vendor\laravel\framework\src\Illuminate\Filesystem\Filesystem.php(124): Illuminate\Filesystem\Filesystem::Illuminate\Filesystem\{closure}()
#17 D:\xampp\htdocs\reco-laravel\vendor\laravel\framework\src\Illuminate\View\Engines\PhpEngine.php(57): Illuminate\Filesystem\Filesystem->getRequire('D:\\xampp\\htdocs...', Array)
#18 D:\xampp\htdocs\reco-laravel\vendor\laravel\framework\src\Illuminate\View\Engines\CompilerEngine.php(76): Illuminate\View\Engines\PhpEngine->evaluatePath('D:\\xampp\\htdocs...', Array)
#19 D:\xampp\htdocs\reco-laravel\vendor\laravel\framework\src\Illuminate\View\View.php(208): Illuminate\View\Engines\CompilerEngine->get('D:\\xampp\\htdocs...', Array)
#20 D:\xampp\htdocs\reco-laravel\vendor\laravel\framework\src\Illuminate\View\View.php(191): Illuminate\View\View->getContents()
#21 D:\xampp\htdocs\reco-laravel\vendor\laravel\framework\src\Illuminate\View\View.php(160): Illuminate\View\View->renderContents()
#22 D:\xampp\htdocs\reco-laravel\vendor\laravel\framework\src\Illuminate\Http\Response.php(78): Illuminate\View\View->render()
#23 D:\xampp\htdocs\reco-laravel\vendor\laravel\framework\src\Illuminate\Http\Response.php(34): Illuminate\Http\Response->setContent(Object(Illuminate\View\View))
#24 D:\xampp\htdocs\reco-laravel\vendor\laravel\framework\src\Illuminate\Routing\Router.php(939): Illuminate\Http\Response->__construct(Object(Illuminate\View\View), 200, Array)
#25 D:\xampp\htdocs\reco-laravel\vendor\laravel\framework\src\Illuminate\Routing\Router.php(906): Illuminate\Routing\Router::toResponse(Object(Illuminate\Http\Request), Object(Illuminate\View\View))
#26 D:\xampp\htdocs\reco-laravel\vendor\laravel\framework\src\Illuminate\Routing\Router.php(821): Illuminate\Routing\Router->prepareResponse(Object(Illuminate\Http\Request), Object(Illuminate\View\View))
#27 D:\xampp\htdocs\reco-laravel\vendor\laravel\framework\src\Illuminate\Pipeline\Pipeline.php(180): Illuminate\Routing\Router->Illuminate\Routing\{closure}(Object(Illuminate\Http\Request))
#28 D:\xampp\htdocs\reco-laravel\vendor\laravel\framework\src\Illuminate\Auth\Middleware\EnsureEmailIsVerified.php(41): Illuminate\Pipeline\Pipeline->Illuminate\Pipeline\{closure}(Object(Illuminate\Http\Request))
#29 D:\xampp\htdocs\reco-laravel\vendor\laravel\framework\src\Illuminate\Pipeline\Pipeline.php(219): Illuminate\Auth\Middleware\EnsureEmailIsVerified->handle(Object(Illuminate\Http\Request), Object(Closure))
#30 D:\xampp\htdocs\reco-laravel\vendor\laravel\framework\src\Illuminate\Routing\Middleware\SubstituteBindings.php(50): Illuminate\Pipeline\Pipeline->Illuminate\Pipeline\{closure}(Object(Illuminate\Http\Request))
#31 D:\xampp\htdocs\reco-laravel\vendor\laravel\framework\src\Illuminate\Pipeline\Pipeline.php(219): Illuminate\Routing\Middleware\SubstituteBindings->handle(Object(Illuminate\Http\Request), Object(Closure))
#32 D:\xampp\htdocs\reco-laravel\vendor\laravel\framework\src\Illuminate\Auth\Middleware\Authenticate.php(63): Illuminate\Pipeline\Pipeline->Illuminate\Pipeline\{closure}(Object(Illuminate\Http\Request))
#33 D:\xampp\htdocs\reco-laravel\vendor\laravel\framework\src\Illuminate\Pipeline\Pipeline.php(219): Illuminate\Auth\Middleware\Authenticate->handle(Object(Illuminate\Http\Request), Object(Closure))
#34 D:\xampp\htdocs\reco-laravel\vendor\laravel\framework\src\Illuminate\Foundation\Http\Middleware\VerifyCsrfToken.php(87): Illuminate\Pipeline\Pipeline->Illuminate\Pipeline\{closure}(Object(Illuminate\Http\Request))
#35 D:\xampp\htdocs\reco-laravel\vendor\laravel\framework\src\Illuminate\Pipeline\Pipeline.php(219): Illuminate\Foundation\Http\Middleware\VerifyCsrfToken->handle(Object(Illuminate\Http\Request), Object(Closure))
#36 D:\xampp\htdocs\reco-laravel\vendor\laravel\framework\src\Illuminate\View\Middleware\ShareErrorsFromSession.php(48): Illuminate\Pipeline\Pipeline->Illuminate\Pipeline\{closure}(Object(Illuminate\Http\Request))
#37 D:\xampp\htdocs\reco-laravel\vendor\laravel\framework\src\Illuminate\Pipeline\Pipeline.php(219): Illuminate\View\Middleware\ShareErrorsFromSession->handle(Object(Illuminate\Http\Request), Object(Closure))
#38 D:\xampp\htdocs\reco-laravel\vendor\laravel\framework\src\Illuminate\Session\Middleware\StartSession.php(120): Illuminate\Pipeline\Pipeline->Illuminate\Pipeline\{closure}(Object(Illuminate\Http\Request))
#39 D:\xampp\htdocs\reco-laravel\vendor\laravel\framework\src\Illuminate\Session\Middleware\StartSession.php(63): Illuminate\Session\Middleware\StartSession->handleStatefulRequest(Object(Illuminate\Http\Request), Object(Illuminate\Session\Store), Object(Closure))
#40 D:\xampp\htdocs\reco-laravel\vendor\laravel\framework\src\Illuminate\Pipeline\Pipeline.php(219): Illuminate\Session\Middleware\StartSession->handle(Object(Illuminate\Http\Request), Object(Closure))
#41 D:\xampp\htdocs\reco-laravel\vendor\laravel\framework\src\Illuminate\Cookie\Middleware\AddQueuedCookiesToResponse.php(36): Illuminate\Pipeline\Pipeline->Illuminate\Pipeline\{closure}(Object(Illuminate\Http\Request))
#42 D:\xampp\htdocs\reco-laravel\vendor\laravel\framework\src\Illuminate\Pipeline\Pipeline.php(219): Illuminate\Cookie\Middleware\AddQueuedCookiesToResponse->handle(Object(Illuminate\Http\Request), Object(Closure))
#43 D:\xampp\htdocs\reco-laravel\vendor\laravel\framework\src\Illuminate\Cookie\Middleware\EncryptCookies.php(74): Illuminate\Pipeline\Pipeline->Illuminate\Pipeline\{closure}(Object(Illuminate\Http\Request))
#44 D:\xampp\htdocs\reco-laravel\vendor\laravel\framework\src\Illuminate\Pipeline\Pipeline.php(219): Illuminate\Cookie\Middleware\EncryptCookies->handle(Object(Illuminate\Http\Request), Object(Closure))
#45 D:\xampp\htdocs\reco-laravel\vendor\laravel\framework\src\Illuminate\Pipeline\Pipeline.php(137): Illuminate\Pipeline\Pipeline->Illuminate\Pipeline\{closure}(Object(Illuminate\Http\Request))
#46 D:\xampp\htdocs\reco-laravel\vendor\laravel\framework\src\Illuminate\Routing\Router.php(821): Illuminate\Pipeline\Pipeline->then(Object(Closure))
#47 D:\xampp\htdocs\reco-laravel\vendor\laravel\framework\src\Illuminate\Routing\Router.php(800): Illuminate\Routing\Router->runRouteWithinStack(Object(Illuminate\Routing\Route), Object(Illuminate\Http\Request))
#48 D:\xampp\htdocs\reco-laravel\vendor\laravel\framework\src\Illuminate\Routing\Router.php(764): Illuminate\Routing\Router->runRoute(Object(Illuminate\Http\Request), Object(Illuminate\Routing\Route))
#49 D:\xampp\htdocs\reco-laravel\vendor\laravel\framework\src\Illuminate\Routing\Router.php(753): Illuminate\Routing\Router->dispatchToRoute(Object(Illuminate\Http\Request))
#50 D:\xampp\htdocs\reco-laravel\vendor\laravel\framework\src\Illuminate\Foundation\Http\Kernel.php(200): Illuminate\Routing\Router->dispatch(Object(Illuminate\Http\Request))
#51 D:\xampp\htdocs\reco-laravel\vendor\laravel\framework\src\Illuminate\Pipeline\Pipeline.php(180): Illuminate\Foundation\Http\Kernel->Illuminate\Foundation\Http\{closure}(Object(Illuminate\Http\Request))
#52 D:\xampp\htdocs\reco-laravel\vendor\laravel\framework\src\Illuminate\Foundation\Http\Middleware\TransformsRequest.php(21): Illuminate\Pipeline\Pipeline->Illuminate\Pipeline\{closure}(Object(Illuminate\Http\Request))
#53 D:\xampp\htdocs\reco-laravel\vendor\laravel\framework\src\Illuminate\Foundation\Http\Middleware\ConvertEmptyStringsToNull.php(31): Illuminate\Foundation\Http\Middleware\TransformsRequest->handle(Object(Illuminate\Http\Request), Object(Closure))
#54 D:\xampp\htdocs\reco-laravel\vendor\laravel\framework\src\Illuminate\Pipeline\Pipeline.php(219): Illuminate\Foundation\Http\Middleware\ConvertEmptyStringsToNull->handle(Object(Illuminate\Http\Request), Object(Closure))
#55 D:\xampp\htdocs\reco-laravel\vendor\laravel\framework\src\Illuminate\Foundation\Http\Middleware\TransformsRequest.php(21): Illuminate\Pipeline\Pipeline->Illuminate\Pipeline\{closure}(Object(Illuminate\Http\Request))
#56 D:\xampp\htdocs\reco-laravel\vendor\laravel\framework\src\Illuminate\Foundation\Http\Middleware\TrimStrings.php(51): Illuminate\Foundation\Http\Middleware\TransformsRequest->handle(Object(Illuminate\Http\Request), Object(Closure))
#57 D:\xampp\htdocs\reco-laravel\vendor\laravel\framework\src\Illuminate\Pipeline\Pipeline.php(219): Illuminate\Foundation\Http\Middleware\TrimStrings->handle(Object(Illuminate\Http\Request), Object(Closure))
#58 D:\xampp\htdocs\reco-laravel\vendor\laravel\framework\src\Illuminate\Http\Middleware\ValidatePostSize.php(27): Illuminate\Pipeline\Pipeline->Illuminate\Pipeline\{closure}(Object(Illuminate\Http\Request))
#59 D:\xampp\htdocs\reco-laravel\vendor\laravel\framework\src\Illuminate\Pipeline\Pipeline.php(219): Illuminate\Http\Middleware\ValidatePostSize->handle(Object(Illuminate\Http\Request), Object(Closure))
#60 D:\xampp\htdocs\reco-laravel\vendor\laravel\framework\src\Illuminate\Foundation\Http\Middleware\PreventRequestsDuringMaintenance.php(109): Illuminate\Pipeline\Pipeline->Illuminate\Pipeline\{closure}(Object(Illuminate\Http\Request))
#61 D:\xampp\htdocs\reco-laravel\vendor\laravel\framework\src\Illuminate\Pipeline\Pipeline.php(219): Illuminate\Foundation\Http\Middleware\PreventRequestsDuringMaintenance->handle(Object(Illuminate\Http\Request), Object(Closure))
#62 D:\xampp\htdocs\reco-laravel\vendor\laravel\framework\src\Illuminate\Http\Middleware\HandleCors.php(61): Illuminate\Pipeline\Pipeline->Illuminate\Pipeline\{closure}(Object(Illuminate\Http\Request))
#63 D:\xampp\htdocs\reco-laravel\vendor\laravel\framework\src\Illuminate\Pipeline\Pipeline.php(219): Illuminate\Http\Middleware\HandleCors->handle(Object(Illuminate\Http\Request), Object(Closure))
#64 D:\xampp\htdocs\reco-laravel\vendor\laravel\framework\src\Illuminate\Http\Middleware\TrustProxies.php(58): Illuminate\Pipeline\Pipeline->Illuminate\Pipeline\{closure}(Object(Illuminate\Http\Request))
#65 D:\xampp\htdocs\reco-laravel\vendor\laravel\framework\src\Illuminate\Pipeline\Pipeline.php(219): Illuminate\Http\Middleware\TrustProxies->handle(Object(Illuminate\Http\Request), Object(Closure))
#66 D:\xampp\htdocs\reco-laravel\vendor\laravel\framework\src\Illuminate\Foundation\Http\Middleware\InvokeDeferredCallbacks.php(22): Illuminate\Pipeline\Pipeline->Illuminate\Pipeline\{closure}(Object(Illuminate\Http\Request))
#67 D:\xampp\htdocs\reco-laravel\vendor\laravel\framework\src\Illuminate\Pipeline\Pipeline.php(219): Illuminate\Foundation\Http\Middleware\InvokeDeferredCallbacks->handle(Object(Illuminate\Http\Request), Object(Closure))
#68 D:\xampp\htdocs\reco-laravel\vendor\laravel\framework\src\Illuminate\Http\Middleware\ValidatePathEncoding.php(26): Illuminate\Pipeline\Pipeline->Illuminate\Pipeline\{closure}(Object(Illuminate\Http\Request))
#69 D:\xampp\htdocs\reco-laravel\vendor\laravel\framework\src\Illuminate\Pipeline\Pipeline.php(219): Illuminate\Http\Middleware\ValidatePathEncoding->handle(Object(Illuminate\Http\Request), Object(Closure))
#70 D:\xampp\htdocs\reco-laravel\vendor\laravel\framework\src\Illuminate\Pipeline\Pipeline.php(137): Illuminate\Pipeline\Pipeline->Illuminate\Pipeline\{closure}(Object(Illuminate\Http\Request))
#71 D:\xampp\htdocs\reco-laravel\vendor\laravel\framework\src\Illuminate\Foundation\Http\Kernel.php(175): Illuminate\Pipeline\Pipeline->then(Object(Closure))
#72 D:\xampp\htdocs\reco-laravel\vendor\laravel\framework\src\Illuminate\Foundation\Http\Kernel.php(144): Illuminate\Foundation\Http\Kernel->sendRequestThroughRouter(Object(Illuminate\Http\Request))
#73 D:\xampp\htdocs\reco-laravel\vendor\laravel\framework\src\Illuminate\Foundation\Testing\Concerns\MakesHttpRequests.php(607): Illuminate\Foundation\Http\Kernel->handle(Object(Illuminate\Http\Request))
#74 D:\xampp\htdocs\reco-laravel\vendor\laravel\framework\src\Illuminate\Foundation\Testing\Concerns\MakesHttpRequests.php(368): Illuminate\Foundation\Testing\TestCase->call('GET', '/profile', Array, Array, Array, Array)
#75 D:\xampp\htdocs\reco-laravel\tests\Feature\ProfileTest.php(19): Illuminate\Foundation\Testing\TestCase->get('/profile')
#76 D:\xampp\htdocs\reco-laravel\vendor\phpunit\phpunit\src\Framework\TestCase.php(1667): Tests\Feature\ProfileTest->test_profile_page_is_displayed()
#77 D:\xampp\htdocs\reco-laravel\vendor\phpunit\phpunit\src\Framework\TestCase.php(519): PHPUnit\Framework\TestCase->runTest()
#78 D:\xampp\htdocs\reco-laravel\vendor\phpunit\phpunit\src\Framework\TestRunner\TestRunner.php(87): PHPUnit\Framework\TestCase->runBare()
#79 D:\xampp\htdocs\reco-laravel\vendor\phpunit\phpunit\src\Framework\TestCase.php(365): PHPUnit\Framework\TestRunner->run(Object(Tests\Feature\ProfileTest))
#80 D:\xampp\htdocs\reco-laravel\vendor\phpunit\phpunit\src\Framework\TestSuite.php(369): PHPUnit\Framework\TestCase->run()
#81 D:\xampp\htdocs\reco-laravel\vendor\phpunit\phpunit\src\Framework\TestSuite.php(369): PHPUnit\Framework\TestSuite->run()
#82 D:\xampp\htdocs\reco-laravel\vendor\phpunit\phpunit\src\Framework\TestSuite.php(369): PHPUnit\Framework\TestSuite->run()
#83 D:\xampp\htdocs\reco-laravel\vendor\phpunit\phpunit\src\TextUI\TestRunner.php(64): PHPUnit\Framework\TestSuite->run()
#84 D:\xampp\htdocs\reco-laravel\vendor\phpunit\phpunit\src\TextUI\Application.php(211): PHPUnit\TextUI\TestRunner->run(Object(PHPUnit\TextUI\Configuration\Configuration), Object(PHPUnit\Runner\ResultCache\DefaultResultCache), Object(PHPUnit\Framework\TestSuite))
#85 D:\xampp\htdocs\reco-laravel\vendor\phpunit\phpunit\phpunit(104): PHPUnit\TextUI\Application->run(Array)
#86 {main}

Next Illuminate\View\ViewException: Call to a member function level() on null (View: D:\xampp\htdocs\reco-laravel\resources\views\partials\navbar.blade.php) (View: D:\xampp\htdocs\reco-laravel\resources\views\partials\navbar.blade.php) in D:\xampp\htdocs\reco-laravel\app\Models\User.php:125
Stack trace:
#0 D:\xampp\htdocs\reco-laravel\vendor\laravel\framework\src\Illuminate\View\Engines\PhpEngine.php(59): Illuminate\View\Engines\CompilerEngine->handleViewException(Object(Illuminate\View\ViewException), 2)
#1 D:\xampp\htdocs\reco-laravel\vendor\laravel\framework\src\Illuminate\View\Engines\CompilerEngine.php(76): Illuminate\View\Engines\PhpEngine->evaluatePath('D:\\xampp\\htdocs...', Array)
#2 D:\xampp\htdocs\reco-laravel\vendor\laravel\framework\src\Illuminate\View\View.php(208): Illuminate\View\Engines\CompilerEngine->get('D:\\xampp\\htdocs...', Array)
#3 D:\xampp\htdocs\reco-laravel\vendor\laravel\framework\src\Illuminate\View\View.php(191): Illuminate\View\View->getContents()
#4 D:\xampp\htdocs\reco-laravel\vendor\laravel\framework\src\Illuminate\View\View.php(160): Illuminate\View\View->renderContents()
#5 D:\xampp\htdocs\reco-laravel\vendor\laravel\framework\src\Illuminate\View\Concerns\ManagesComponents.php(99): Illuminate\View\View->render()
#6 D:\xampp\htdocs\reco-laravel\storage\framework\views\8b5f3243d4f5c3a4f583f8a37b2f54c3.php(39): Illuminate\View\Factory->renderComponent()
#7 D:\xampp\htdocs\reco-laravel\vendor\laravel\framework\src\Illuminate\Filesystem\Filesystem.php(123): require('D:\\xampp\\htdocs...')
#8 D:\xampp\htdocs\reco-laravel\vendor\laravel\framework\src\Illuminate\Filesystem\Filesystem.php(124): Illuminate\Filesystem\Filesystem::Illuminate\Filesystem\{closure}()
#9 D:\xampp\htdocs\reco-laravel\vendor\laravel\framework\src\Illuminate\View\Engines\PhpEngine.php(57): Illuminate\Filesystem\Filesystem->getRequire('D:\\xampp\\htdocs...', Array)
#10 D:\xampp\htdocs\reco-laravel\vendor\laravel\framework\src\Illuminate\View\Engines\CompilerEngine.php(76): Illuminate\View\Engines\PhpEngine->evaluatePath('D:\\xampp\\htdocs...', Array)
#11 D:\xampp\htdocs\reco-laravel\vendor\laravel\framework\src\Illuminate\View\View.php(208): Illuminate\View\Engines\CompilerEngine->get('D:\\xampp\\htdocs...', Array)
#12 D:\xampp\htdocs\reco-laravel\vendor\laravel\framework\src\Illuminate\View\View.php(191): Illuminate\View\View->getContents()
#13 D:\xampp\htdocs\reco-laravel\vendor\laravel\framework\src\Illuminate\View\View.php(160): Illuminate\View\View->renderContents()
#14 D:\xampp\htdocs\reco-laravel\vendor\laravel\framework\src\Illuminate\Http\Response.php(78): Illuminate\View\View->render()
#15 D:\xampp\htdocs\reco-laravel\vendor\laravel\framework\src\Illuminate\Http\Response.php(34): Illuminate\Http\Response->setContent(Object(Illuminate\View\View))
#16 D:\xampp\htdocs\reco-laravel\vendor\laravel\framework\src\Illuminate\Routing\Router.php(939): Illuminate\Http\Response->__construct(Object(Illuminate\View\View), 200, Array)
#17 D:\xampp\htdocs\reco-laravel\vendor\laravel\framework\src\Illuminate\Routing\Router.php(906): Illuminate\Routing\Router::toResponse(Object(Illuminate\Http\Request), Object(Illuminate\View\View))
#18 D:\xampp\htdocs\reco-laravel\vendor\laravel\framework\src\Illuminate\Routing\Router.php(821): Illuminate\Routing\Router->prepareResponse(Object(Illuminate\Http\Request), Object(Illuminate\View\View))
#19 D:\xampp\htdocs\reco-laravel\vendor\laravel\framework\src\Illuminate\Pipeline\Pipeline.php(180): Illuminate\Routing\Router->Illuminate\Routing\{closure}(Object(Illuminate\Http\Request))
#20 D:\xampp\htdocs\reco-laravel\vendor\laravel\framework\src\Illuminate\Auth\Middleware\EnsureEmailIsVerified.php(41): Illuminate\Pipeline\Pipeline->Illuminate\Pipeline\{closure}(Object(Illuminate\Http\Request))
#21 D:\xampp\htdocs\reco-laravel\vendor\laravel\framework\src\Illuminate\Pipeline\Pipeline.php(219): Illuminate\Auth\Middleware\EnsureEmailIsVerified->handle(Object(Illuminate\Http\Request), Object(Closure))
#22 D:\xampp\htdocs\reco-laravel\vendor\laravel\framework\src\Illuminate\Routing\Middleware\SubstituteBindings.php(50): Illuminate\Pipeline\Pipeline->Illuminate\Pipeline\{closure}(Object(Illuminate\Http\Request))
#23 D:\xampp\htdocs\reco-laravel\vendor\laravel\framework\src\Illuminate\Pipeline\Pipeline.php(219): Illuminate\Routing\Middleware\SubstituteBindings->handle(Object(Illuminate\Http\Request), Object(Closure))
#24 D:\xampp\htdocs\reco-laravel\vendor\laravel\framework\src\Illuminate\Auth\Middleware\Authenticate.php(63): Illuminate\Pipeline\Pipeline->Illuminate\Pipeline\{closure}(Object(Illuminate\Http\Request))
#25 D:\xampp\htdocs\reco-laravel\vendor\laravel\framework\src\Illuminate\Pipeline\Pipeline.php(219): Illuminate\Auth\Middleware\Authenticate->handle(Object(Illuminate\Http\Request), Object(Closure))
#26 D:\xampp\htdocs\reco-laravel\vendor\laravel\framework\src\Illuminate\Foundation\Http\Middleware\VerifyCsrfToken.php(87): Illuminate\Pipeline\Pipeline->Illuminate\Pipeline\{closure}(Object(Illuminate\Http\Request))
#27 D:\xampp\htdocs\reco-laravel\vendor\laravel\framework\src\Illuminate\Pipeline\Pipeline.php(219): Illuminate\Foundation\Http\Middleware\VerifyCsrfToken->handle(Object(Illuminate\Http\Request), Object(Closure))
#28 D:\xampp\htdocs\reco-laravel\vendor\laravel\framework\src\Illuminate\View\Middleware\ShareErrorsFromSession.php(48): Illuminate\Pipeline\Pipeline->Illuminate\Pipeline\{closure}(Object(Illuminate\Http\Request))
#29 D:\xampp\htdocs\reco-laravel\vendor\laravel\framework\src\Illuminate\Pipeline\Pipeline.php(219): Illuminate\View\Middleware\ShareErrorsFromSession->handle(Object(Illuminate\Http\Request), Object(Closure))
#30 D:\xampp\htdocs\reco-laravel\vendor\laravel\framework\src\Illuminate\Session\Middleware\StartSession.php(120): Illuminate\Pipeline\Pipeline->Illuminate\Pipeline\{closure}(Object(Illuminate\Http\Request))
#31 D:\xampp\htdocs\reco-laravel\vendor\laravel\framework\src\Illuminate\Session\Middleware\StartSession.php(63): Illuminate\Session\Middleware\StartSession->handleStatefulRequest(Object(Illuminate\Http\Request), Object(Illuminate\Session\Store), Object(Closure))
#32 D:\xampp\htdocs\reco-laravel\vendor\laravel\framework\src\Illuminate\Pipeline\Pipeline.php(219): Illuminate\Session\Middleware\StartSession->handle(Object(Illuminate\Http\Request), Object(Closure))
#33 D:\xampp\htdocs\reco-laravel\vendor\laravel\framework\src\Illuminate\Cookie\Middleware\AddQueuedCookiesToResponse.php(36): Illuminate\Pipeline\Pipeline->Illuminate\Pipeline\{closure}(Object(Illuminate\Http\Request))
#34 D:\xampp\htdocs\reco-laravel\vendor\laravel\framework\src\Illuminate\Pipeline\Pipeline.php(219): Illuminate\Cookie\Middleware\AddQueuedCookiesToResponse->handle(Object(Illuminate\Http\Request), Object(Closure))
#35 D:\xampp\htdocs\reco-laravel\vendor\laravel\framework\src\Illuminate\Cookie\Middleware\EncryptCookies.php(74): Illuminate\Pipeline\Pipeline->Illuminate\Pipeline\{closure}(Object(Illuminate\Http\Request))
#36 D:\xampp\htdocs\reco-laravel\vendor\laravel\framework\src\Illuminate\Pipeline\Pipeline.php(219): Illuminate\Cookie\Middleware\EncryptCookies->handle(Object(Illuminate\Http\Request), Object(Closure))
#37 D:\xampp\htdocs\reco-laravel\vendor\laravel\framework\src\Illuminate\Pipeline\Pipeline.php(137): Illuminate\Pipeline\Pipeline->Illuminate\Pipeline\{closure}(Object(Illuminate\Http\Request))
#38 D:\xampp\htdocs\reco-laravel\vendor\laravel\framework\src\Illuminate\Routing\Router.php(821): Illuminate\Pipeline\Pipeline->then(Object(Closure))
#39 D:\xampp\htdocs\reco-laravel\vendor\laravel\framework\src\Illuminate\Routing\Router.php(800): Illuminate\Routing\Router->runRouteWithinStack(Object(Illuminate\Routing\Route), Object(Illuminate\Http\Request))
#40 D:\xampp\htdocs\reco-laravel\vendor\laravel\framework\src\Illuminate\Routing\Router.php(764): Illuminate\Routing\Router->runRoute(Object(Illuminate\Http\Request), Object(Illuminate\Routing\Route))
#41 D:\xampp\htdocs\reco-laravel\vendor\laravel\framework\src\Illuminate\Routing\Router.php(753): Illuminate\Routing\Router->dispatchToRoute(Object(Illuminate\Http\Request))
#42 D:\xampp\htdocs\reco-laravel\vendor\laravel\framework\src\Illuminate\Foundation\Http\Kernel.php(200): Illuminate\Routing\Router->dispatch(Object(Illuminate\Http\Request))
#43 D:\xampp\htdocs\reco-laravel\vendor\laravel\framework\src\Illuminate\Pipeline\Pipeline.php(180): Illuminate\Foundation\Http\Kernel->Illuminate\Foundation\Http\{closure}(Object(Illuminate\Http\Request))
#44 D:\xampp\htdocs\reco-laravel\vendor\laravel\framework\src\Illuminate\Foundation\Http\Middleware\TransformsRequest.php(21): Illuminate\Pipeline\Pipeline->Illuminate\Pipeline\{closure}(Object(Illuminate\Http\Request))
#45 D:\xampp\htdocs\reco-laravel\vendor\laravel\framework\src\Illuminate\Foundation\Http\Middleware\ConvertEmptyStringsToNull.php(31): Illuminate\Foundation\Http\Middleware\TransformsRequest->handle(Object(Illuminate\Http\Request), Object(Closure))
#46 D:\xampp\htdocs\reco-laravel\vendor\laravel\framework\src\Illuminate\Pipeline\Pipeline.php(219): Illuminate\Foundation\Http\Middleware\ConvertEmptyStringsToNull->handle(Object(Illuminate\Http\Request), Object(Closure))
#47 D:\xampp\htdocs\reco-laravel\vendor\laravel\framework\src\Illuminate\Foundation\Http\Middleware\TransformsRequest.php(21): Illuminate\Pipeline\Pipeline->Illuminate\Pipeline\{closure}(Object(Illuminate\Http\Request))
#48 D:\xampp\htdocs\reco-laravel\vendor\laravel\framework\src\Illuminate\Foundation\Http\Middleware\TrimStrings.php(51): Illuminate\Foundation\Http\Middleware\TransformsRequest->handle(Object(Illuminate\Http\Request), Object(Closure))
#49 D:\xampp\htdocs\reco-laravel\vendor\laravel\framework\src\Illuminate\Pipeline\Pipeline.php(219): Illuminate\Foundation\Http\Middleware\TrimStrings->handle(Object(Illuminate\Http\Request), Object(Closure))
#50 D:\xampp\htdocs\reco-laravel\vendor\laravel\framework\src\Illuminate\Http\Middleware\ValidatePostSize.php(27): Illuminate\Pipeline\Pipeline->Illuminate\Pipeline\{closure}(Object(Illuminate\Http\Request))
#51 D:\xampp\htdocs\reco-laravel\vendor\laravel\framework\src\Illuminate\Pipeline\Pipeline.php(219): Illuminate\Http\Middleware\ValidatePostSize->handle(Object(Illuminate\Http\Request), Object(Closure))
#52 D:\xampp\htdocs\reco-laravel\vendor\laravel\framework\src\Illuminate\Foundation\Http\Middleware\PreventRequestsDuringMaintenance.php(109): Illuminate\Pipeline\Pipeline->Illuminate\Pipeline\{closure}(Object(Illuminate\Http\Request))
#53 D:\xampp\htdocs\reco-laravel\vendor\laravel\framework\src\Illuminate\Pipeline\Pipeline.php(219): Illuminate\Foundation\Http\Middleware\PreventRequestsDuringMaintenance->handle(Object(Illuminate\Http\Request), Object(Closure))
#54 D:\xampp\htdocs\reco-laravel\vendor\laravel\framework\src\Illuminate\Http\Middleware\HandleCors.php(61): Illuminate\Pipeline\Pipeline->Illuminate\Pipeline\{closure}(Object(Illuminate\Http\Request))
#55 D:\xampp\htdocs\reco-laravel\vendor\laravel\framework\src\Illuminate\Pipeline\Pipeline.php(219): Illuminate\Http\Middleware\HandleCors->handle(Object(Illuminate\Http\Request), Object(Closure))
#56 D:\xampp\htdocs\reco-laravel\vendor\laravel\framework\src\Illuminate\Http\Middleware\TrustProxies.php(58): Illuminate\Pipeline\Pipeline->Illuminate\Pipeline\{closure}(Object(Illuminate\Http\Request))
#57 D:\xampp\htdocs\reco-laravel\vendor\laravel\framework\src\Illuminate\Pipeline\Pipeline.php(219): Illuminate\Http\Middleware\TrustProxies->handle(Object(Illuminate\Http\Request), Object(Closure))
#58 D:\xampp\htdocs\reco-laravel\vendor\laravel\framework\src\Illuminate\Foundation\Http\Middleware\InvokeDeferredCallbacks.php(22): Illuminate\Pipeline\Pipeline->Illuminate\Pipeline\{closure}(Object(Illuminate\Http\Request))
#59 D:\xampp\htdocs\reco-laravel\vendor\laravel\framework\src\Illuminate\Pipeline\Pipeline.php(219): Illuminate\Foundation\Http\Middleware\InvokeDeferredCallbacks->handle(Object(Illuminate\Http\Request), Object(Closure))
#60 D:\xampp\htdocs\reco-laravel\vendor\laravel\framework\src\Illuminate\Http\Middleware\ValidatePathEncoding.php(26): Illuminate\Pipeline\Pipeline->Illuminate\Pipeline\{closure}(Object(Illuminate\Http\Request))
#61 D:\xampp\htdocs\reco-laravel\vendor\laravel\framework\src\Illuminate\Pipeline\Pipeline.php(219): Illuminate\Http\Middleware\ValidatePathEncoding->handle(Object(Illuminate\Http\Request), Object(Closure))
#62 D:\xampp\htdocs\reco-laravel\vendor\laravel\framework\src\Illuminate\Pipeline\Pipeline.php(137): Illuminate\Pipeline\Pipeline->Illuminate\Pipeline\{closure}(Object(Illuminate\Http\Request))
#63 D:\xampp\htdocs\reco-laravel\vendor\laravel\framework\src\Illuminate\Foundation\Http\Kernel.php(175): Illuminate\Pipeline\Pipeline->then(Object(Closure))
#64 D:\xampp\htdocs\reco-laravel\vendor\laravel\framework\src\Illuminate\Foundation\Http\Kernel.php(144): Illuminate\Foundation\Http\Kernel->sendRequestThroughRouter(Object(Illuminate\Http\Request))
#65 D:\xampp\htdocs\reco-laravel\vendor\laravel\framework\src\Illuminate\Foundation\Testing\Concerns\MakesHttpRequests.php(607): Illuminate\Foundation\Http\Kernel->handle(Object(Illuminate\Http\Request))
#66 D:\xampp\htdocs\reco-laravel\vendor\laravel\framework\src\Illuminate\Foundation\Testing\Concerns\MakesHttpRequests.php(368): Illuminate\Foundation\Testing\TestCase->call('GET', '/profile', Array, Array, Array, Array)
#67 D:\xampp\htdocs\reco-laravel\tests\Feature\ProfileTest.php(19): Illuminate\Foundation\Testing\TestCase->get('/profile')
#68 D:\xampp\htdocs\reco-laravel\vendor\phpunit\phpunit\src\Framework\TestCase.php(1667): Tests\Feature\ProfileTest->test_profile_page_is_displayed()
#69 D:\xampp\htdocs\reco-laravel\vendor\phpunit\phpunit\src\Framework\TestCase.php(519): PHPUnit\Framework\TestCase->runTest()
#70 D:\xampp\htdocs\reco-laravel\vendor\phpunit\phpunit\src\Framework\TestRunner\TestRunner.php(87): PHPUnit\Framework\TestCase->runBare()
#71 D:\xampp\htdocs\reco-laravel\vendor\phpunit\phpunit\src\Framework\TestCase.php(365): PHPUnit\Framework\TestRunner->run(Object(Tests\Feature\ProfileTest))
#72 D:\xampp\htdocs\reco-laravel\vendor\phpunit\phpunit\src\Framework\TestSuite.php(369): PHPUnit\Framework\TestCase->run()
#73 D:\xampp\htdocs\reco-laravel\vendor\phpunit\phpunit\src\Framework\TestSuite.php(369): PHPUnit\Framework\TestSuite->run()
#74 D:\xampp\htdocs\reco-laravel\vendor\phpunit\phpunit\src\Framework\TestSuite.php(369): PHPUnit\Framework\TestSuite->run()
#75 D:\xampp\htdocs\reco-laravel\vendor\phpunit\phpunit\src\TextUI\TestRunner.php(64): PHPUnit\Framework\TestSuite->run()
#76 D:\xampp\htdocs\reco-laravel\vendor\phpunit\phpunit\src\TextUI\Application.php(211): PHPUnit\TextUI\TestRunner->run(Object(PHPUnit\TextUI\Configuration\Configuration), Object(PHPUnit\Runner\ResultCache\DefaultResultCache), Object(PHPUnit\Framework\TestSuite))
#77 D:\xampp\htdocs\reco-laravel\vendor\phpunit\phpunit\phpunit(104): PHPUnit\TextUI\Application->run(Array)
#78 {main}

Next Illuminate\View\ViewException: Call to a member function level() on null (View: D:\xampp\htdocs\reco-laravel\resources\views\partials\navbar.blade.php) (View: D:\xampp\htdocs\reco-laravel\resources\views\partials\navbar.blade.php) (View: D:\xampp\htdocs\reco-laravel\resources\views\partials\navbar.blade.php) in D:\xampp\htdocs\reco-laravel\app\Models\User.php:125
Stack trace:
#0 D:\xampp\htdocs\reco-laravel\vendor\laravel\framework\src\Illuminate\View\Engines\PhpEngine.php(59): Illuminate\View\Engines\CompilerEngine->handleViewException(Object(Illuminate\View\ViewException), 1)
#1 D:\xampp\htdocs\reco-laravel\vendor\laravel\framework\src\Illuminate\View\Engines\CompilerEngine.php(76): Illuminate\View\Engines\PhpEngine->evaluatePath('D:\\xampp\\htdocs...', Array)
#2 D:\xampp\htdocs\reco-laravel\vendor\laravel\framework\src\Illuminate\View\View.php(208): Illuminate\View\Engines\CompilerEngine->get('D:\\xampp\\htdocs...', Array)
#3 D:\xampp\htdocs\reco-laravel\vendor\laravel\framework\src\Illuminate\View\View.php(191): Illuminate\View\View->getContents()
#4 D:\xampp\htdocs\reco-laravel\vendor\laravel\framework\src\Illuminate\View\View.php(160): Illuminate\View\View->renderContents()
#5 D:\xampp\htdocs\reco-laravel\vendor\laravel\framework\src\Illuminate\Http\Response.php(78): Illuminate\View\View->render()
#6 D:\xampp\htdocs\reco-laravel\vendor\laravel\framework\src\Illuminate\Http\Response.php(34): Illuminate\Http\Response->setContent(Object(Illuminate\View\View))
#7 D:\xampp\htdocs\reco-laravel\vendor\laravel\framework\src\Illuminate\Routing\Router.php(939): Illuminate\Http\Response->__construct(Object(Illuminate\View\View), 200, Array)
#8 D:\xampp\htdocs\reco-laravel\vendor\laravel\framework\src\Illuminate\Routing\Router.php(906): Illuminate\Routing\Router::toResponse(Object(Illuminate\Http\Request), Object(Illuminate\View\View))
#9 D:\xampp\htdocs\reco-laravel\vendor\laravel\framework\src\Illuminate\Routing\Router.php(821): Illuminate\Routing\Router->prepareResponse(Object(Illuminate\Http\Request), Object(Illuminate\View\View))
#10 D:\xampp\htdocs\reco-laravel\vendor\laravel\framework\src\Illuminate\Pipeline\Pipeline.php(180): Illuminate\Routing\Router->Illuminate\Routing\{closure}(Object(Illuminate\Http\Request))
#11 D:\xampp\htdocs\reco-laravel\vendor\laravel\framework\src\Illuminate\Auth\Middleware\EnsureEmailIsVerified.php(41): Illuminate\Pipeline\Pipeline->Illuminate\Pipeline\{closure}(Object(Illuminate\Http\Request))
#12 D:\xampp\htdocs\reco-laravel\vendor\laravel\framework\src\Illuminate\Pipeline\Pipeline.php(219): Illuminate\Auth\Middleware\EnsureEmailIsVerified->handle(Object(Illuminate\Http\Request), Object(Closure))
#13 D:\xampp\htdocs\reco-laravel\vendor\laravel\framework\src\Illuminate\Routing\Middleware\SubstituteBindings.php(50): Illuminate\Pipeline\Pipeline->Illuminate\Pipeline\{closure}(Object(Illuminate\Http\Request))
#14 D:\xampp\htdocs\reco-laravel\vendor\laravel\framework\src\Illuminate\Pipeline\Pipeline.php(219): Illuminate\Routing\Middleware\SubstituteBindings->handle(Object(Illuminate\Http\Request), Object(Closure))
#15 D:\xampp\htdocs\reco-laravel\vendor\laravel\framework\src\Illuminate\Auth\Middleware\Authenticate.php(63): Illuminate\Pipeline\Pipeline->Illuminate\Pipeline\{closure}(Object(Illuminate\Http\Request))
#16 D:\xampp\htdocs\reco-laravel\vendor\laravel\framework\src\Illuminate\Pipeline\Pipeline.php(219): Illuminate\Auth\Middleware\Authenticate->handle(Object(Illuminate\Http\Request), Object(Closure))
#17 D:\xampp\htdocs\reco-laravel\vendor\laravel\framework\src\Illuminate\Foundation\Http\Middleware\VerifyCsrfToken.php(87): Illuminate\Pipeline\Pipeline->Illuminate\Pipeline\{closure}(Object(Illuminate\Http\Request))
#18 D:\xampp\htdocs\reco-laravel\vendor\laravel\framework\src\Illuminate\Pipeline\Pipeline.php(219): Illuminate\Foundation\Http\Middleware\VerifyCsrfToken->handle(Object(Illuminate\Http\Request), Object(Closure))
#19 D:\xampp\htdocs\reco-laravel\vendor\laravel\framework\src\Illuminate\View\Middleware\ShareErrorsFromSession.php(48): Illuminate\Pipeline\Pipeline->Illuminate\Pipeline\{closure}(Object(Illuminate\Http\Request))
#20 D:\xampp\htdocs\reco-laravel\vendor\laravel\framework\src\Illuminate\Pipeline\Pipeline.php(219): Illuminate\View\Middleware\ShareErrorsFromSession->handle(Object(Illuminate\Http\Request), Object(Closure))
#21 D:\xampp\htdocs\reco-laravel\vendor\laravel\framework\src\Illuminate\Session\Middleware\StartSession.php(120): Illuminate\Pipeline\Pipeline->Illuminate\Pipeline\{closure}(Object(Illuminate\Http\Request))
#22 D:\xampp\htdocs\reco-laravel\vendor\laravel\framework\src\Illuminate\Session\Middleware\StartSession.php(63): Illuminate\Session\Middleware\StartSession->handleStatefulRequest(Object(Illuminate\Http\Request), Object(Illuminate\Session\Store), Object(Closure))
#23 D:\xampp\htdocs\reco-laravel\vendor\laravel\framework\src\Illuminate\Pipeline\Pipeline.php(219): Illuminate\Session\Middleware\StartSession->handle(Object(Illuminate\Http\Request), Object(Closure))
#24 D:\xampp\htdocs\reco-laravel\vendor\laravel\framework\src\Illuminate\Cookie\Middleware\AddQueuedCookiesToResponse.php(36): Illuminate\Pipeline\Pipeline->Illuminate\Pipeline\{closure}(Object(Illuminate\Http\Request))
#25 D:\xampp\htdocs\reco-laravel\vendor\laravel\framework\src\Illuminate\Pipeline\Pipeline.php(219): Illuminate\Cookie\Middleware\AddQueuedCookiesToResponse->handle(Object(Illuminate\Http\Request), Object(Closure))
#26 D:\xampp\htdocs\reco-laravel\vendor\laravel\framework\src\Illuminate\Cookie\Middleware\EncryptCookies.php(74): Illuminate\Pipeline\Pipeline->Illuminate\Pipeline\{closure}(Object(Illuminate\Http\Request))
#27 D:\xampp\htdocs\reco-laravel\vendor\laravel\framework\src\Illuminate\Pipeline\Pipeline.php(219): Illuminate\Cookie\Middleware\EncryptCookies->handle(Object(Illuminate\Http\Request), Object(Closure))
#28 D:\xampp\htdocs\reco-laravel\vendor\laravel\framework\src\Illuminate\Pipeline\Pipeline.php(137): Illuminate\Pipeline\Pipeline->Illuminate\Pipeline\{closure}(Object(Illuminate\Http\Request))
#29 D:\xampp\htdocs\reco-laravel\vendor\laravel\framework\src\Illuminate\Routing\Router.php(821): Illuminate\Pipeline\Pipeline->then(Object(Closure))
#30 D:\xampp\htdocs\reco-laravel\vendor\laravel\framework\src\Illuminate\Routing\Router.php(800): Illuminate\Routing\Router->runRouteWithinStack(Object(Illuminate\Routing\Route), Object(Illuminate\Http\Request))
#31 D:\xampp\htdocs\reco-laravel\vendor\laravel\framework\src\Illuminate\Routing\Router.php(764): Illuminate\Routing\Router->runRoute(Object(Illuminate\Http\Request), Object(Illuminate\Routing\Route))
#32 D:\xampp\htdocs\reco-laravel\vendor\laravel\framework\src\Illuminate\Routing\Router.php(753): Illuminate\Routing\Router->dispatchToRoute(Object(Illuminate\Http\Request))
#33 D:\xampp\htdocs\reco-laravel\vendor\laravel\framework\src\Illuminate\Foundation\Http\Kernel.php(200): Illuminate\Routing\Router->dispatch(Object(Illuminate\Http\Request))
#34 D:\xampp\htdocs\reco-laravel\vendor\laravel\framework\src\Illuminate\Pipeline\Pipeline.php(180): Illuminate\Foundation\Http\Kernel->Illuminate\Foundation\Http\{closure}(Object(Illuminate\Http\Request))
#35 D:\xampp\htdocs\reco-laravel\vendor\laravel\framework\src\Illuminate\Foundation\Http\Middleware\TransformsRequest.php(21): Illuminate\Pipeline\Pipeline->Illuminate\Pipeline\{closure}(Object(Illuminate\Http\Request))
#36 D:\xampp\htdocs\reco-laravel\vendor\laravel\framework\src\Illuminate\Foundation\Http\Middleware\ConvertEmptyStringsToNull.php(31): Illuminate\Foundation\Http\Middleware\TransformsRequest->handle(Object(Illuminate\Http\Request), Object(Closure))
#37 D:\xampp\htdocs\reco-laravel\vendor\laravel\framework\src\Illuminate\Pipeline\Pipeline.php(219): Illuminate\Foundation\Http\Middleware\ConvertEmptyStringsToNull->handle(Object(Illuminate\Http\Request), Object(Closure))
#38 D:\xampp\htdocs\reco-laravel\vendor\laravel\framework\src\Illuminate\Foundation\Http\Middleware\TransformsRequest.php(21): Illuminate\Pipeline\Pipeline->Illuminate\Pipeline\{closure}(Object(Illuminate\Http\Request))
#39 D:\xampp\htdocs\reco-laravel\vendor\laravel\framework\src\Illuminate\Foundation\Http\Middleware\TrimStrings.php(51): Illuminate\Foundation\Http\Middleware\TransformsRequest->handle(Object(Illuminate\Http\Request), Object(Closure))
#40 D:\xampp\htdocs\reco-laravel\vendor\laravel\framework\src\Illuminate\Pipeline\Pipeline.php(219): Illuminate\Foundation\Http\Middleware\TrimStrings->handle(Object(Illuminate\Http\Request), Object(Closure))
#41 D:\xampp\htdocs\reco-laravel\vendor\laravel\framework\src\Illuminate\Http\Middleware\ValidatePostSize.php(27): Illuminate\Pipeline\Pipeline->Illuminate\Pipeline\{closure}(Object(Illuminate\Http\Request))
#42 D:\xampp\htdocs\reco-laravel\vendor\laravel\framework\src\Illuminate\Pipeline\Pipeline.php(219): Illuminate\Http\Middleware\ValidatePostSize->handle(Object(Illuminate\Http\Request), Object(Closure))
#43 D:\xampp\htdocs\reco-laravel\vendor\laravel\framework\src\Illuminate\Foundation\Http\Middleware\PreventRequestsDuringMaintenance.php(109): Illuminate\Pipeline\Pipeline->Illuminate\Pipeline\{closure}(Object(Illuminate\Http\Request))
#44 D:\xampp\htdocs\reco-laravel\vendor\laravel\framework\src\Illuminate\Pipeline\Pipeline.php(219): Illuminate\Foundation\Http\Middleware\PreventRequestsDuringMaintenance->handle(Object(Illuminate\Http\Request), Object(Closure))
#45 D:\xampp\htdocs\reco-laravel\vendor\laravel\framework\src\Illuminate\Http\Middleware\HandleCors.php(61): Illuminate\Pipeline\Pipeline->Illuminate\Pipeline\{closure}(Object(Illuminate\Http\Request))
#46 D:\xampp\htdocs\reco-laravel\vendor\laravel\framework\src\Illuminate\Pipeline\Pipeline.php(219): Illuminate\Http\Middleware\HandleCors->handle(Object(Illuminate\Http\Request), Object(Closure))
#47 D:\xampp\htdocs\reco-laravel\vendor\laravel\framework\src\Illuminate\Http\Middleware\TrustProxies.php(58): Illuminate\Pipeline\Pipeline->Illuminate\Pipeline\{closure}(Object(Illuminate\Http\Request))
#48 D:\xampp\htdocs\reco-laravel\vendor\laravel\framework\src\Illuminate\Pipeline\Pipeline.php(219): Illuminate\Http\Middleware\TrustProxies->handle(Object(Illuminate\Http\Request), Object(Closure))
#49 D:\xampp\htdocs\reco-laravel\vendor\laravel\framework\src\Illuminate\Foundation\Http\Middleware\InvokeDeferredCallbacks.php(22): Illuminate\Pipeline\Pipeline->Illuminate\Pipeline\{closure}(Object(Illuminate\Http\Request))
#50 D:\xampp\htdocs\reco-laravel\vendor\laravel\framework\src\Illuminate\Pipeline\Pipeline.php(219): Illuminate\Foundation\Http\Middleware\InvokeDeferredCallbacks->handle(Object(Illuminate\Http\Request), Object(Closure))
#51 D:\xampp\htdocs\reco-laravel\vendor\laravel\framework\src\Illuminate\Http\Middleware\ValidatePathEncoding.php(26): Illuminate\Pipeline\Pipeline->Illuminate\Pipeline\{closure}(Object(Illuminate\Http\Request))
#52 D:\xampp\htdocs\reco-laravel\vendor\laravel\framework\src\Illuminate\Pipeline\Pipeline.php(219): Illuminate\Http\Middleware\ValidatePathEncoding->handle(Object(Illuminate\Http\Request), Object(Closure))
#53 D:\xampp\htdocs\reco-laravel\vendor\laravel\framework\src\Illuminate\Pipeline\Pipeline.php(137): Illuminate\Pipeline\Pipeline->Illuminate\Pipeline\{closure}(Object(Illuminate\Http\Request))
#54 D:\xampp\htdocs\reco-laravel\vendor\laravel\framework\src\Illuminate\Foundation\Http\Kernel.php(175): Illuminate\Pipeline\Pipeline->then(Object(Closure))
#55 D:\xampp\htdocs\reco-laravel\vendor\laravel\framework\src\Illuminate\Foundation\Http\Kernel.php(144): Illuminate\Foundation\Http\Kernel->sendRequestThroughRouter(Object(Illuminate\Http\Request))
#56 D:\xampp\htdocs\reco-laravel\vendor\laravel\framework\src\Illuminate\Foundation\Testing\Concerns\MakesHttpRequests.php(607): Illuminate\Foundation\Http\Kernel->handle(Object(Illuminate\Http\Request))
#57 D:\xampp\htdocs\reco-laravel\vendor\laravel\framework\src\Illuminate\Foundation\Testing\Concerns\MakesHttpRequests.php(368): Illuminate\Foundation\Testing\TestCase->call('GET', '/profile', Array, Array, Array, Array)
#58 D:\xampp\htdocs\reco-laravel\tests\Feature\ProfileTest.php(19): Illuminate\Foundation\Testing\TestCase->get('/profile')
#59 D:\xampp\htdocs\reco-laravel\vendor\phpunit\phpunit\src\Framework\TestCase.php(1667): Tests\Feature\ProfileTest->test_profile_page_is_displayed()
#60 D:\xampp\htdocs\reco-laravel\vendor\phpunit\phpunit\src\Framework\TestCase.php(519): PHPUnit\Framework\TestCase->runTest()
#61 D:\xampp\htdocs\reco-laravel\vendor\phpunit\phpunit\src\Framework\TestRunner\TestRunner.php(87): PHPUnit\Framework\TestCase->runBare()
#62 D:\xampp\htdocs\reco-laravel\vendor\phpunit\phpunit\src\Framework\TestCase.php(365): PHPUnit\Framework\TestRunner->run(Object(Tests\Feature\ProfileTest))
#63 D:\xampp\htdocs\reco-laravel\vendor\phpunit\phpunit\src\Framework\TestSuite.php(369): PHPUnit\Framework\TestCase->run()
#64 D:\xampp\htdocs\reco-laravel\vendor\phpunit\phpunit\src\Framework\TestSuite.php(369): PHPUnit\Framework\TestSuite->run()
#65 D:\xampp\htdocs\reco-laravel\vendor\phpunit\phpunit\src\Framework\TestSuite.php(369): PHPUnit\Framework\TestSuite->run()
#66 D:\xampp\htdocs\reco-laravel\vendor\phpunit\phpunit\src\TextUI\TestRunner.php(64): PHPUnit\Framework\TestSuite->run()
#67 D:\xampp\htdocs\reco-laravel\vendor\phpunit\phpunit\src\TextUI\Application.php(211): PHPUnit\TextUI\TestRunner->run(Object(PHPUnit\TextUI\Configuration\Configuration), Object(PHPUnit\Runner\ResultCache\DefaultResultCache), Object(PHPUnit\Framework\TestSuite))
#68 D:\xampp\htdocs\reco-laravel\vendor\phpunit\phpunit\phpunit(104): PHPUnit\TextUI\Application->run(Array)
#69 {main}

----------------------------------------------------------------------------------

Call to a member function level() on null (View: D:\xampp\htdocs\reco-laravel\resources\views\partials\navbar.blade.php) (View: D:\xampp\htdocs\reco-laravel\resources\views\partials\navbar.blade.php) (View: D:\xampp\htdocs\reco-laravel\resources\views\partials\navbar.blade.php)

  at tests\Feature\ProfileTest.php:21
     17Γûò         $response = $this
     18Γûò             ->actingAs($user)
     19Γûò             ->get('/profile');
     20Γûò 
  Γ₧£  21Γûò         $response->assertOk();
     22Γûò     }
     23Γûò 
     24Γûò     public function test_profile_information_can_be_updated(): void
     25Γûò     {

  ΓöÇΓöÇΓöÇΓöÇΓöÇΓöÇΓöÇΓöÇΓöÇΓöÇΓöÇΓöÇΓöÇΓöÇΓöÇΓöÇΓöÇΓöÇΓöÇΓöÇΓöÇΓöÇΓöÇΓöÇΓöÇΓöÇΓöÇΓöÇΓöÇΓöÇΓöÇ  
   FAILED  Tests\Feature\ProfilΓÇª   
  Failed asserting that App\Models\User Object #1093 (
    'connection' => 'mysql',
    'table' => 'users',
    'primaryKey' => 'id',
    'keyType' => 'int',
    'incrementing' => true,
    'with' => Array &0 [],
    'withCount' => Array &1 [],
    'preventsLazyLoading' => false,
    'perPage' => 15,
    'exists' => true,
    'wasRecentlyCreated' => false,
    'escapeWhenCastingToString' => false,
    'attributes' => Array &2 [
        'id' => 19,
        'name' => 'B├á. Kiß╗üu Kh├ính',
        'email' => 'thang.tong@example.org',
        'email_verified_at' => '2026-03-15 14:55:56',
        'password' => '$2y$04$YJ/J.AlEYBQFbg9OrDbdgeU6A.UEs/jwIgy2YpDXJRMqxBFCTB6Za',
        'avatar' => null,
        'cover_photo' => null,
        'bio' => null,
        'date_of_birth' => null,
        'gender' => null,
        'location' => null,
        'website' => null,
        'role' => 'user',
        'two_factor_code' => null,
        'two_factor_expires_at' => null,
        'is_active' => 1,
        'last_login_at' => null,
        'remember_token' => 'mvnyJ7HcmWWWSv5penBFvjAPcDQ2HzwmkR1pSXPEdaYolSxfEnfCEEvJ6YFe',
        'created_at' => '2026-03-15 14:55:56',
        'updated_at' => '2026-03-15 14:55:56',
        'deleted_at' => '2026-03-15 14:55:56',
    ],
    'original' => Array &3 [
        'id' => 19,
        'name' => 'B├á. Kiß╗üu Kh├ính',
        'email' => 'thang.tong@example.org',
        'email_verified_at' => '2026-03-15 14:55:56',
        'password' => '$2y$04$YJ/J.AlEYBQFbg9OrDbdgeU6A.UEs/jwIgy2YpDXJRMqxBFCTB6Za',
        'avatar' => null,
        'cover_photo' => null,
        'bio' => null,
        'date_of_birth' => null,
        'gender' => null,
        'location' => null,
        'website' => null,
        'role' => 'user',
        'two_factor_code' => null,
        'two_factor_expires_at' => null,
        'is_active' => 1,
        'last_login_at' => null,
        'remember_token' => 'mvnyJ7HcmWWWSv5penBFvjAPcDQ2HzwmkR1pSXPEdaYolSxfEnfCEEvJ6YFe',
        'created_at' => '2026-03-15 14:55:56',
        'updated_at' => '2026-03-15 14:55:56',
        'deleted_at' => '2026-03-15 14:55:56',
    ],
    'changes' => Array &4 [],
    'previous' => Array &5 [],
    'casts' => Array &6 [
        'email_verified_at' => 'datetime',
        'password' => 'hashed',
        'date_of_birth' => 'date',
        'is_active' => 'boolean',
        'last_login_at' => 'datetime',
        'role' => 'App\Enums\UserRole',
        'two_factor_expires_at' => 'datetime',
        'deleted_at' => 'datetime',
    ],
    'classCastCache' => Array &7 [],
    'attributeCastCache' => Array &8 [],
    'dateFormat' => null,
    'appends' => Array &9 [],
    'dispatchesEvents' => Array &10 [],
    'observables' => Array &11 [],
    'relations' => Array &12 [],
    'touches' => Array &13 [],
    'relationAutoloadCallback' => null,
    'relationAutoloadContext' => null,
    'timestamps' => true,
    'usesUniqueIds' => false,
    'hidden' => Array &14 [
        0 => 'password',
        1 => 'remember_token',
    ],
    'visible' => Array &15 [],
    'fillable' => Array &16 [
        0 => 'name',
        1 => 'email',
        2 => 'password',
        3 => 'avatar',
        4 => 'cover_photo',
        5 => 'bio',
        6 => 'date_of_birth',
        7 => 'gender',
        8 => 'location',
        9 => 'website',
        10 => 'role',
        11 => 'is_active',
        12 => 'last_login_at',
        13 => 'two_factor_code',
        14 => 'two_factor_expires_at',
    ],
    'guarded' => Array &17 [
        0 => '*',
    ],
    'authPasswordName' => 'password',
    'rememberTokenName' => 'remember_token',
    'forceDeleting' => false,
) is null.

  at tests\Feature\ProfileTest.php:79
     75Γûò             ->assertSessionHasNoErrors()
     76Γûò             ->assertRedirect('/');
     77Γûò 
     78Γûò         $this->assertGuest();
  Γ₧£  79Γûò         $this->assertNull($user->fresh());
     80Γûò     }
     81Γûò 
     82Γûò     public function test_correct_password_must_be_provided_to_delete_account(): void
     83Γûò     {

  1   tests\Feature\ProfileTest.php:79


  Tests:    6 failed, 19 passed (54 assertions)
  Duration: 6.76s

